Archive member included to satisfy reference by file (symbol)

c:/program files (x86)/atmel/studio/7.0/toolchain/avr8/avr8-gnu-toolchain/bin/../lib/gcc/avr/5.4.0/../../../../avr/lib/avrxmega6\libm.a(divsf3.o)
                              Audio/VolumeControl.o (__divsf3)
c:/program files (x86)/atmel/studio/7.0/toolchain/avr8/avr8-gnu-toolchain/bin/../lib/gcc/avr/5.4.0/../../../../avr/lib/avrxmega6\libm.a(divsf3x.o)
                              c:/program files (x86)/atmel/studio/7.0/toolchain/avr8/avr8-gnu-toolchain/bin/../lib/gcc/avr/5.4.0/../../../../avr/lib/avrxmega6\libm.a(divsf3.o) (__divsf3x)
c:/program files (x86)/atmel/studio/7.0/toolchain/avr8/avr8-gnu-toolchain/bin/../lib/gcc/avr/5.4.0/../../../../avr/lib/avrxmega6\libm.a(fixunssfsi.o)
                              Audio/VolumeControl.o (__fixunssfsi)
c:/program files (x86)/atmel/studio/7.0/toolchain/avr8/avr8-gnu-toolchain/bin/../lib/gcc/avr/5.4.0/../../../../avr/lib/avrxmega6\libm.a(floatsisf.o)
                              Monitor/PowerSupplyMonitor.o (__floatunsisf)
c:/program files (x86)/atmel/studio/7.0/toolchain/avr8/avr8-gnu-toolchain/bin/../lib/gcc/avr/5.4.0/../../../../avr/lib/avrxmega6\libm.a(fp_inf.o)
                              c:/program files (x86)/atmel/studio/7.0/toolchain/avr8/avr8-gnu-toolchain/bin/../lib/gcc/avr/5.4.0/../../../../avr/lib/avrxmega6\libm.a(divsf3x.o) (__fp_inf)
c:/program files (x86)/atmel/studio/7.0/toolchain/avr8/avr8-gnu-toolchain/bin/../lib/gcc/avr/5.4.0/../../../../avr/lib/avrxmega6\libm.a(fp_nan.o)
                              c:/program files (x86)/atmel/studio/7.0/toolchain/avr8/avr8-gnu-toolchain/bin/../lib/gcc/avr/5.4.0/../../../../avr/lib/avrxmega6\libm.a(divsf3x.o) (__fp_nan)
c:/program files (x86)/atmel/studio/7.0/toolchain/avr8/avr8-gnu-toolchain/bin/../lib/gcc/avr/5.4.0/../../../../avr/lib/avrxmega6\libm.a(fp_pscA.o)
                              c:/program files (x86)/atmel/studio/7.0/toolchain/avr8/avr8-gnu-toolchain/bin/../lib/gcc/avr/5.4.0/../../../../avr/lib/avrxmega6\libm.a(divsf3x.o) (__fp_pscA)
c:/program files (x86)/atmel/studio/7.0/toolchain/avr8/avr8-gnu-toolchain/bin/../lib/gcc/avr/5.4.0/../../../../avr/lib/avrxmega6\libm.a(fp_pscB.o)
                              c:/program files (x86)/atmel/studio/7.0/toolchain/avr8/avr8-gnu-toolchain/bin/../lib/gcc/avr/5.4.0/../../../../avr/lib/avrxmega6\libm.a(divsf3x.o) (__fp_pscB)
c:/program files (x86)/atmel/studio/7.0/toolchain/avr8/avr8-gnu-toolchain/bin/../lib/gcc/avr/5.4.0/../../../../avr/lib/avrxmega6\libm.a(fp_round.o)
                              c:/program files (x86)/atmel/studio/7.0/toolchain/avr8/avr8-gnu-toolchain/bin/../lib/gcc/avr/5.4.0/../../../../avr/lib/avrxmega6\libm.a(divsf3.o) (__fp_round)
c:/program files (x86)/atmel/studio/7.0/toolchain/avr8/avr8-gnu-toolchain/bin/../lib/gcc/avr/5.4.0/../../../../avr/lib/avrxmega6\libm.a(fp_split3.o)
                              c:/program files (x86)/atmel/studio/7.0/toolchain/avr8/avr8-gnu-toolchain/bin/../lib/gcc/avr/5.4.0/../../../../avr/lib/avrxmega6\libm.a(divsf3x.o) (__fp_split3)
c:/program files (x86)/atmel/studio/7.0/toolchain/avr8/avr8-gnu-toolchain/bin/../lib/gcc/avr/5.4.0/../../../../avr/lib/avrxmega6\libm.a(fp_zero.o)
                              c:/program files (x86)/atmel/studio/7.0/toolchain/avr8/avr8-gnu-toolchain/bin/../lib/gcc/avr/5.4.0/../../../../avr/lib/avrxmega6\libm.a(fixunssfsi.o) (__fp_zero)
c:/program files (x86)/atmel/studio/7.0/toolchain/avr8/avr8-gnu-toolchain/bin/../lib/gcc/avr/5.4.0/../../../../avr/lib/avrxmega6\libm.a(mulsf3.o)
                              Audio/VolumeControl.o (__mulsf3)
c:/program files (x86)/atmel/studio/7.0/toolchain/avr8/avr8-gnu-toolchain/bin/../lib/gcc/avr/5.4.0/../../../../avr/lib/avrxmega6\libm.a(mulsf3x.o)
                              c:/program files (x86)/atmel/studio/7.0/toolchain/avr8/avr8-gnu-toolchain/bin/../lib/gcc/avr/5.4.0/../../../../avr/lib/avrxmega6\libm.a(mulsf3.o) (__mulsf3x)
c:/program files (x86)/atmel/studio/7.0/toolchain/avr8/avr8-gnu-toolchain/bin/../lib/gcc/avr/5.4.0/avrxmega6\libgcc.a(_exit.o)
                              C:/Program Files (x86)/Atmel/Studio/7.0/Packs/atmel/XMEGAA_DFP/1.1.68/gcc/dev/atxmega192a3/avrxmega6/crtatxmega192a3.o (exit)
c:/program files (x86)/atmel/studio/7.0/toolchain/avr8/avr8-gnu-toolchain/bin/../lib/gcc/avr/5.4.0/avrxmega6\libgcc.a(_clear_bss.o)
                              Monitor/PowerSupplyMonitor.o (__do_clear_bss)
c:/program files (x86)/atmel/studio/7.0/toolchain/avr8/avr8-gnu-toolchain/bin/../lib/gcc/avr/5.4.0/avrxmega6\libgcc.a(_ctors.o)
                              MusicAmp.o (__do_global_ctors)
c:/program files (x86)/atmel/studio/7.0/toolchain/avr8/avr8-gnu-toolchain/bin/../lib/gcc/avr/5.4.0/avrxmega6\libgcc.a(_tablejump2.o)
                              c:/program files (x86)/atmel/studio/7.0/toolchain/avr8/avr8-gnu-toolchain/bin/../lib/gcc/avr/5.4.0/avrxmega6\libgcc.a(_ctors.o) (__tablejump2__)

Discarded input sections

 .data          0x00000000        0x0 C:/Program Files (x86)/Atmel/Studio/7.0/Packs/atmel/XMEGAA_DFP/1.1.68/gcc/dev/atxmega192a3/avrxmega6/crtatxmega192a3.o
 .bss           0x00000000        0x0 C:/Program Files (x86)/Atmel/Studio/7.0/Packs/atmel/XMEGAA_DFP/1.1.68/gcc/dev/atxmega192a3/avrxmega6/crtatxmega192a3.o
 .text          0x00000000        0x0 Audio/VolumeControl.o
 .data          0x00000000        0x0 Audio/VolumeControl.o
 .bss           0x00000000        0x0 Audio/VolumeControl.o
 .text          0x00000000        0x0 Devices/MCP3426.o
 .data          0x00000000        0x0 Devices/MCP3426.o
 .bss           0x00000000        0x0 Devices/MCP3426.o
 .text          0x00000000        0x0 Devices/PGA4311.o
 .data          0x00000000        0x0 Devices/PGA4311.o
 .bss           0x00000000        0x0 Devices/PGA4311.o
 .text          0x00000000        0x0 Events.o
 .data          0x00000000        0x0 Events.o
 .bss           0x00000000        0x0 Events.o
 .text          0x00000000        0x0 IO/AnalogIndicator.o
 .data          0x00000000        0x0 IO/AnalogIndicator.o
 .bss           0x00000000        0x0 IO/AnalogIndicator.o
 .text._ZN15AnalogIndicator8setValueEj
                0x00000000        0xc IO/AnalogIndicator.o
 .text          0x00000000        0x0 IO/Debug.o
 .data          0x00000000        0x0 IO/Debug.o
 .bss           0x00000000        0x0 IO/Debug.o
 .text._ZN5Debug9toggleLedEv
                0x00000000        0x8 IO/Debug.o
 .text          0x00000000        0x0 IO/Encoder.o
 .data          0x00000000        0x0 IO/Encoder.o
 .bss           0x00000000        0x0 IO/Encoder.o
 .text          0x00000000        0x0 IO/PowerControl.o
 .data          0x00000000        0x0 IO/PowerControl.o
 .bss           0x00000000        0x0 IO/PowerControl.o
 .text          0x00000000        0x0 IO/InputSelector.o
 .data          0x00000000        0x0 IO/InputSelector.o
 .bss           0x00000000        0x0 IO/InputSelector.o
 .text._ZN13InputSelector9nextInputEv
                0x00000000       0x1c IO/InputSelector.o
 .text          0x00000000        0x0 LUFA/Drivers/Peripheral/XMEGA/TWI_XMEGA.o
 .data          0x00000000        0x0 LUFA/Drivers/Peripheral/XMEGA/TWI_XMEGA.o
 .bss           0x00000000        0x0 LUFA/Drivers/Peripheral/XMEGA/TWI_XMEGA.o
 .text          0x00000000        0x0 Monitor/PowerSupplyMonitor.o
 .data          0x00000000        0x0 Monitor/PowerSupplyMonitor.o
 .bss           0x00000000        0x0 Monitor/PowerSupplyMonitor.o
 .text          0x00000000        0x0 MusicAmp.o
 .data          0x00000000        0x0 MusicAmp.o
 .bss           0x00000000        0x0 MusicAmp.o
 .text._Z22setAnalogIndicatorModehh
                0x00000000       0x18 MusicAmp.o
 .text          0x00000000        0x0 Tools/Timer.o
 .data          0x00000000        0x0 Tools/Timer.o
 .bss           0x00000000        0x0 Tools/Timer.o
 .text          0x00000000        0x0 Tools/Switch.o
 .data          0x00000000        0x0 Tools/Switch.o
 .bss           0x00000000        0x0 Tools/Switch.o
 .text          0x00000000        0x0 c:/program files (x86)/atmel/studio/7.0/toolchain/avr8/avr8-gnu-toolchain/bin/../lib/gcc/avr/5.4.0/../../../../avr/lib/avrxmega6\libm.a(divsf3.o)
 .data          0x00000000        0x0 c:/program files (x86)/atmel/studio/7.0/toolchain/avr8/avr8-gnu-toolchain/bin/../lib/gcc/avr/5.4.0/../../../../avr/lib/avrxmega6\libm.a(divsf3.o)
 .bss           0x00000000        0x0 c:/program files (x86)/atmel/studio/7.0/toolchain/avr8/avr8-gnu-toolchain/bin/../lib/gcc/avr/5.4.0/../../../../avr/lib/avrxmega6\libm.a(divsf3.o)
 .text          0x00000000        0x0 c:/program files (x86)/atmel/studio/7.0/toolchain/avr8/avr8-gnu-toolchain/bin/../lib/gcc/avr/5.4.0/../../../../avr/lib/avrxmega6\libm.a(divsf3x.o)
 .data          0x00000000        0x0 c:/program files (x86)/atmel/studio/7.0/toolchain/avr8/avr8-gnu-toolchain/bin/../lib/gcc/avr/5.4.0/../../../../avr/lib/avrxmega6\libm.a(divsf3x.o)
 .bss           0x00000000        0x0 c:/program files (x86)/atmel/studio/7.0/toolchain/avr8/avr8-gnu-toolchain/bin/../lib/gcc/avr/5.4.0/../../../../avr/lib/avrxmega6\libm.a(divsf3x.o)
 .text          0x00000000        0x0 c:/program files (x86)/atmel/studio/7.0/toolchain/avr8/avr8-gnu-toolchain/bin/../lib/gcc/avr/5.4.0/../../../../avr/lib/avrxmega6\libm.a(fixunssfsi.o)
 .data          0x00000000        0x0 c:/program files (x86)/atmel/studio/7.0/toolchain/avr8/avr8-gnu-toolchain/bin/../lib/gcc/avr/5.4.0/../../../../avr/lib/avrxmega6\libm.a(fixunssfsi.o)
 .bss           0x00000000        0x0 c:/program files (x86)/atmel/studio/7.0/toolchain/avr8/avr8-gnu-toolchain/bin/../lib/gcc/avr/5.4.0/../../../../avr/lib/avrxmega6\libm.a(fixunssfsi.o)
 .text          0x00000000        0x0 c:/program files (x86)/atmel/studio/7.0/toolchain/avr8/avr8-gnu-toolchain/bin/../lib/gcc/avr/5.4.0/../../../../avr/lib/avrxmega6\libm.a(floatsisf.o)
 .data          0x00000000        0x0 c:/program files (x86)/atmel/studio/7.0/toolchain/avr8/avr8-gnu-toolchain/bin/../lib/gcc/avr/5.4.0/../../../../avr/lib/avrxmega6\libm.a(floatsisf.o)
 .bss           0x00000000        0x0 c:/program files (x86)/atmel/studio/7.0/toolchain/avr8/avr8-gnu-toolchain/bin/../lib/gcc/avr/5.4.0/../../../../avr/lib/avrxmega6\libm.a(floatsisf.o)
 .text          0x00000000        0x0 c:/program files (x86)/atmel/studio/7.0/toolchain/avr8/avr8-gnu-toolchain/bin/../lib/gcc/avr/5.4.0/../../../../avr/lib/avrxmega6\libm.a(fp_inf.o)
 .data          0x00000000        0x0 c:/program files (x86)/atmel/studio/7.0/toolchain/avr8/avr8-gnu-toolchain/bin/../lib/gcc/avr/5.4.0/../../../../avr/lib/avrxmega6\libm.a(fp_inf.o)
 .bss           0x00000000        0x0 c:/program files (x86)/atmel/studio/7.0/toolchain/avr8/avr8-gnu-toolchain/bin/../lib/gcc/avr/5.4.0/../../../../avr/lib/avrxmega6\libm.a(fp_inf.o)
 .text          0x00000000        0x0 c:/program files (x86)/atmel/studio/7.0/toolchain/avr8/avr8-gnu-toolchain/bin/../lib/gcc/avr/5.4.0/../../../../avr/lib/avrxmega6\libm.a(fp_nan.o)
 .data          0x00000000        0x0 c:/program files (x86)/atmel/studio/7.0/toolchain/avr8/avr8-gnu-toolchain/bin/../lib/gcc/avr/5.4.0/../../../../avr/lib/avrxmega6\libm.a(fp_nan.o)
 .bss           0x00000000        0x0 c:/program files (x86)/atmel/studio/7.0/toolchain/avr8/avr8-gnu-toolchain/bin/../lib/gcc/avr/5.4.0/../../../../avr/lib/avrxmega6\libm.a(fp_nan.o)
 .text          0x00000000        0x0 c:/program files (x86)/atmel/studio/7.0/toolchain/avr8/avr8-gnu-toolchain/bin/../lib/gcc/avr/5.4.0/../../../../avr/lib/avrxmega6\libm.a(fp_pscA.o)
 .data          0x00000000        0x0 c:/program files (x86)/atmel/studio/7.0/toolchain/avr8/avr8-gnu-toolchain/bin/../lib/gcc/avr/5.4.0/../../../../avr/lib/avrxmega6\libm.a(fp_pscA.o)
 .bss           0x00000000        0x0 c:/program files (x86)/atmel/studio/7.0/toolchain/avr8/avr8-gnu-toolchain/bin/../lib/gcc/avr/5.4.0/../../../../avr/lib/avrxmega6\libm.a(fp_pscA.o)
 .text          0x00000000        0x0 c:/program files (x86)/atmel/studio/7.0/toolchain/avr8/avr8-gnu-toolchain/bin/../lib/gcc/avr/5.4.0/../../../../avr/lib/avrxmega6\libm.a(fp_pscB.o)
 .data          0x00000000        0x0 c:/program files (x86)/atmel/studio/7.0/toolchain/avr8/avr8-gnu-toolchain/bin/../lib/gcc/avr/5.4.0/../../../../avr/lib/avrxmega6\libm.a(fp_pscB.o)
 .bss           0x00000000        0x0 c:/program files (x86)/atmel/studio/7.0/toolchain/avr8/avr8-gnu-toolchain/bin/../lib/gcc/avr/5.4.0/../../../../avr/lib/avrxmega6\libm.a(fp_pscB.o)
 .text          0x00000000        0x0 c:/program files (x86)/atmel/studio/7.0/toolchain/avr8/avr8-gnu-toolchain/bin/../lib/gcc/avr/5.4.0/../../../../avr/lib/avrxmega6\libm.a(fp_round.o)
 .data          0x00000000        0x0 c:/program files (x86)/atmel/studio/7.0/toolchain/avr8/avr8-gnu-toolchain/bin/../lib/gcc/avr/5.4.0/../../../../avr/lib/avrxmega6\libm.a(fp_round.o)
 .bss           0x00000000        0x0 c:/program files (x86)/atmel/studio/7.0/toolchain/avr8/avr8-gnu-toolchain/bin/../lib/gcc/avr/5.4.0/../../../../avr/lib/avrxmega6\libm.a(fp_round.o)
 .text          0x00000000        0x0 c:/program files (x86)/atmel/studio/7.0/toolchain/avr8/avr8-gnu-toolchain/bin/../lib/gcc/avr/5.4.0/../../../../avr/lib/avrxmega6\libm.a(fp_split3.o)
 .data          0x00000000        0x0 c:/program files (x86)/atmel/studio/7.0/toolchain/avr8/avr8-gnu-toolchain/bin/../lib/gcc/avr/5.4.0/../../../../avr/lib/avrxmega6\libm.a(fp_split3.o)
 .bss           0x00000000        0x0 c:/program files (x86)/atmel/studio/7.0/toolchain/avr8/avr8-gnu-toolchain/bin/../lib/gcc/avr/5.4.0/../../../../avr/lib/avrxmega6\libm.a(fp_split3.o)
 .text          0x00000000        0x0 c:/program files (x86)/atmel/studio/7.0/toolchain/avr8/avr8-gnu-toolchain/bin/../lib/gcc/avr/5.4.0/../../../../avr/lib/avrxmega6\libm.a(fp_zero.o)
 .data          0x00000000        0x0 c:/program files (x86)/atmel/studio/7.0/toolchain/avr8/avr8-gnu-toolchain/bin/../lib/gcc/avr/5.4.0/../../../../avr/lib/avrxmega6\libm.a(fp_zero.o)
 .bss           0x00000000        0x0 c:/program files (x86)/atmel/studio/7.0/toolchain/avr8/avr8-gnu-toolchain/bin/../lib/gcc/avr/5.4.0/../../../../avr/lib/avrxmega6\libm.a(fp_zero.o)
 .text          0x00000000        0x0 c:/program files (x86)/atmel/studio/7.0/toolchain/avr8/avr8-gnu-toolchain/bin/../lib/gcc/avr/5.4.0/../../../../avr/lib/avrxmega6\libm.a(mulsf3.o)
 .data          0x00000000        0x0 c:/program files (x86)/atmel/studio/7.0/toolchain/avr8/avr8-gnu-toolchain/bin/../lib/gcc/avr/5.4.0/../../../../avr/lib/avrxmega6\libm.a(mulsf3.o)
 .bss           0x00000000        0x0 c:/program files (x86)/atmel/studio/7.0/toolchain/avr8/avr8-gnu-toolchain/bin/../lib/gcc/avr/5.4.0/../../../../avr/lib/avrxmega6\libm.a(mulsf3.o)
 .text          0x00000000        0x0 c:/program files (x86)/atmel/studio/7.0/toolchain/avr8/avr8-gnu-toolchain/bin/../lib/gcc/avr/5.4.0/../../../../avr/lib/avrxmega6\libm.a(mulsf3x.o)
 .data          0x00000000        0x0 c:/program files (x86)/atmel/studio/7.0/toolchain/avr8/avr8-gnu-toolchain/bin/../lib/gcc/avr/5.4.0/../../../../avr/lib/avrxmega6\libm.a(mulsf3x.o)
 .bss           0x00000000        0x0 c:/program files (x86)/atmel/studio/7.0/toolchain/avr8/avr8-gnu-toolchain/bin/../lib/gcc/avr/5.4.0/../../../../avr/lib/avrxmega6\libm.a(mulsf3x.o)
 .text          0x00000000        0x0 c:/program files (x86)/atmel/studio/7.0/toolchain/avr8/avr8-gnu-toolchain/bin/../lib/gcc/avr/5.4.0/avrxmega6\libgcc.a(_exit.o)
 .data          0x00000000        0x0 c:/program files (x86)/atmel/studio/7.0/toolchain/avr8/avr8-gnu-toolchain/bin/../lib/gcc/avr/5.4.0/avrxmega6\libgcc.a(_exit.o)
 .bss           0x00000000        0x0 c:/program files (x86)/atmel/studio/7.0/toolchain/avr8/avr8-gnu-toolchain/bin/../lib/gcc/avr/5.4.0/avrxmega6\libgcc.a(_exit.o)
 .text.libgcc.mul
                0x00000000        0x0 c:/program files (x86)/atmel/studio/7.0/toolchain/avr8/avr8-gnu-toolchain/bin/../lib/gcc/avr/5.4.0/avrxmega6\libgcc.a(_exit.o)
 .text.libgcc.div
                0x00000000        0x0 c:/program files (x86)/atmel/studio/7.0/toolchain/avr8/avr8-gnu-toolchain/bin/../lib/gcc/avr/5.4.0/avrxmega6\libgcc.a(_exit.o)
 .text.libgcc   0x00000000        0x0 c:/program files (x86)/atmel/studio/7.0/toolchain/avr8/avr8-gnu-toolchain/bin/../lib/gcc/avr/5.4.0/avrxmega6\libgcc.a(_exit.o)
 .text.libgcc.prologue
                0x00000000        0x0 c:/program files (x86)/atmel/studio/7.0/toolchain/avr8/avr8-gnu-toolchain/bin/../lib/gcc/avr/5.4.0/avrxmega6\libgcc.a(_exit.o)
 .text.libgcc.builtins
                0x00000000        0x0 c:/program files (x86)/atmel/studio/7.0/toolchain/avr8/avr8-gnu-toolchain/bin/../lib/gcc/avr/5.4.0/avrxmega6\libgcc.a(_exit.o)
 .text.libgcc.fmul
                0x00000000        0x0 c:/program files (x86)/atmel/studio/7.0/toolchain/avr8/avr8-gnu-toolchain/bin/../lib/gcc/avr/5.4.0/avrxmega6\libgcc.a(_exit.o)
 .text.libgcc.fixed
                0x00000000        0x0 c:/program files (x86)/atmel/studio/7.0/toolchain/avr8/avr8-gnu-toolchain/bin/../lib/gcc/avr/5.4.0/avrxmega6\libgcc.a(_exit.o)
 .text          0x00000000        0x0 c:/program files (x86)/atmel/studio/7.0/toolchain/avr8/avr8-gnu-toolchain/bin/../lib/gcc/avr/5.4.0/avrxmega6\libgcc.a(_clear_bss.o)
 .data          0x00000000        0x0 c:/program files (x86)/atmel/studio/7.0/toolchain/avr8/avr8-gnu-toolchain/bin/../lib/gcc/avr/5.4.0/avrxmega6\libgcc.a(_clear_bss.o)
 .bss           0x00000000        0x0 c:/program files (x86)/atmel/studio/7.0/toolchain/avr8/avr8-gnu-toolchain/bin/../lib/gcc/avr/5.4.0/avrxmega6\libgcc.a(_clear_bss.o)
 .text.libgcc.mul
                0x00000000        0x0 c:/program files (x86)/atmel/studio/7.0/toolchain/avr8/avr8-gnu-toolchain/bin/../lib/gcc/avr/5.4.0/avrxmega6\libgcc.a(_clear_bss.o)
 .text.libgcc.div
                0x00000000        0x0 c:/program files (x86)/atmel/studio/7.0/toolchain/avr8/avr8-gnu-toolchain/bin/../lib/gcc/avr/5.4.0/avrxmega6\libgcc.a(_clear_bss.o)
 .text.libgcc   0x00000000        0x0 c:/program files (x86)/atmel/studio/7.0/toolchain/avr8/avr8-gnu-toolchain/bin/../lib/gcc/avr/5.4.0/avrxmega6\libgcc.a(_clear_bss.o)
 .text.libgcc.prologue
                0x00000000        0x0 c:/program files (x86)/atmel/studio/7.0/toolchain/avr8/avr8-gnu-toolchain/bin/../lib/gcc/avr/5.4.0/avrxmega6\libgcc.a(_clear_bss.o)
 .text.libgcc.builtins
                0x00000000        0x0 c:/program files (x86)/atmel/studio/7.0/toolchain/avr8/avr8-gnu-toolchain/bin/../lib/gcc/avr/5.4.0/avrxmega6\libgcc.a(_clear_bss.o)
 .text.libgcc.fmul
                0x00000000        0x0 c:/program files (x86)/atmel/studio/7.0/toolchain/avr8/avr8-gnu-toolchain/bin/../lib/gcc/avr/5.4.0/avrxmega6\libgcc.a(_clear_bss.o)
 .text.libgcc.fixed
                0x00000000        0x0 c:/program files (x86)/atmel/studio/7.0/toolchain/avr8/avr8-gnu-toolchain/bin/../lib/gcc/avr/5.4.0/avrxmega6\libgcc.a(_clear_bss.o)
 .text          0x00000000        0x0 c:/program files (x86)/atmel/studio/7.0/toolchain/avr8/avr8-gnu-toolchain/bin/../lib/gcc/avr/5.4.0/avrxmega6\libgcc.a(_ctors.o)
 .data          0x00000000        0x0 c:/program files (x86)/atmel/studio/7.0/toolchain/avr8/avr8-gnu-toolchain/bin/../lib/gcc/avr/5.4.0/avrxmega6\libgcc.a(_ctors.o)
 .bss           0x00000000        0x0 c:/program files (x86)/atmel/studio/7.0/toolchain/avr8/avr8-gnu-toolchain/bin/../lib/gcc/avr/5.4.0/avrxmega6\libgcc.a(_ctors.o)
 .text.libgcc.mul
                0x00000000        0x0 c:/program files (x86)/atmel/studio/7.0/toolchain/avr8/avr8-gnu-toolchain/bin/../lib/gcc/avr/5.4.0/avrxmega6\libgcc.a(_ctors.o)
 .text.libgcc.div
                0x00000000        0x0 c:/program files (x86)/atmel/studio/7.0/toolchain/avr8/avr8-gnu-toolchain/bin/../lib/gcc/avr/5.4.0/avrxmega6\libgcc.a(_ctors.o)
 .text.libgcc   0x00000000        0x0 c:/program files (x86)/atmel/studio/7.0/toolchain/avr8/avr8-gnu-toolchain/bin/../lib/gcc/avr/5.4.0/avrxmega6\libgcc.a(_ctors.o)
 .text.libgcc.prologue
                0x00000000        0x0 c:/program files (x86)/atmel/studio/7.0/toolchain/avr8/avr8-gnu-toolchain/bin/../lib/gcc/avr/5.4.0/avrxmega6\libgcc.a(_ctors.o)
 .text.libgcc.builtins
                0x00000000        0x0 c:/program files (x86)/atmel/studio/7.0/toolchain/avr8/avr8-gnu-toolchain/bin/../lib/gcc/avr/5.4.0/avrxmega6\libgcc.a(_ctors.o)
 .text.libgcc.fmul
                0x00000000        0x0 c:/program files (x86)/atmel/studio/7.0/toolchain/avr8/avr8-gnu-toolchain/bin/../lib/gcc/avr/5.4.0/avrxmega6\libgcc.a(_ctors.o)
 .text.libgcc.fixed
                0x00000000        0x0 c:/program files (x86)/atmel/studio/7.0/toolchain/avr8/avr8-gnu-toolchain/bin/../lib/gcc/avr/5.4.0/avrxmega6\libgcc.a(_ctors.o)
 .text          0x00000000        0x0 c:/program files (x86)/atmel/studio/7.0/toolchain/avr8/avr8-gnu-toolchain/bin/../lib/gcc/avr/5.4.0/avrxmega6\libgcc.a(_tablejump2.o)
 .data          0x00000000        0x0 c:/program files (x86)/atmel/studio/7.0/toolchain/avr8/avr8-gnu-toolchain/bin/../lib/gcc/avr/5.4.0/avrxmega6\libgcc.a(_tablejump2.o)
 .bss           0x00000000        0x0 c:/program files (x86)/atmel/studio/7.0/toolchain/avr8/avr8-gnu-toolchain/bin/../lib/gcc/avr/5.4.0/avrxmega6\libgcc.a(_tablejump2.o)
 .text.libgcc.mul
                0x00000000        0x0 c:/program files (x86)/atmel/studio/7.0/toolchain/avr8/avr8-gnu-toolchain/bin/../lib/gcc/avr/5.4.0/avrxmega6\libgcc.a(_tablejump2.o)
 .text.libgcc.div
                0x00000000        0x0 c:/program files (x86)/atmel/studio/7.0/toolchain/avr8/avr8-gnu-toolchain/bin/../lib/gcc/avr/5.4.0/avrxmega6\libgcc.a(_tablejump2.o)
 .text.libgcc.prologue
                0x00000000        0x0 c:/program files (x86)/atmel/studio/7.0/toolchain/avr8/avr8-gnu-toolchain/bin/../lib/gcc/avr/5.4.0/avrxmega6\libgcc.a(_tablejump2.o)
 .text.libgcc.builtins
                0x00000000        0x0 c:/program files (x86)/atmel/studio/7.0/toolchain/avr8/avr8-gnu-toolchain/bin/../lib/gcc/avr/5.4.0/avrxmega6\libgcc.a(_tablejump2.o)
 .text.libgcc.fmul
                0x00000000        0x0 c:/program files (x86)/atmel/studio/7.0/toolchain/avr8/avr8-gnu-toolchain/bin/../lib/gcc/avr/5.4.0/avrxmega6\libgcc.a(_tablejump2.o)
 .text.libgcc.fixed
                0x00000000        0x0 c:/program files (x86)/atmel/studio/7.0/toolchain/avr8/avr8-gnu-toolchain/bin/../lib/gcc/avr/5.4.0/avrxmega6\libgcc.a(_tablejump2.o)

Memory Configuration

Name             Origin             Length             Attributes
text             0x00000000         0x00100000         xr
data             0x00802000         0x0000ffa0         rw !x
eeprom           0x00810000         0x00010000         rw !x
fuse             0x00820000         0x00000006         rw !x
lock             0x00830000         0x00000400         rw !x
signature        0x00840000         0x00000400         rw !x
user_signatures  0x00850000         0x00000400         rw !x
*default*        0x00000000         0xffffffff

Linker script and memory map

LOAD C:/Program Files (x86)/Atmel/Studio/7.0/Packs/atmel/XMEGAA_DFP/1.1.68/gcc/dev/atxmega192a3/avrxmega6/crtatxmega192a3.o
LOAD Audio/VolumeControl.o
LOAD Devices/MCP3426.o
LOAD Devices/PGA4311.o
LOAD Events.o
LOAD IO/AnalogIndicator.o
LOAD IO/Debug.o
LOAD IO/Encoder.o
LOAD IO/PowerControl.o
LOAD IO/InputSelector.o
LOAD LUFA/Drivers/Peripheral/XMEGA/TWI_XMEGA.o
LOAD Monitor/PowerSupplyMonitor.o
LOAD MusicAmp.o
LOAD Tools/Timer.o
LOAD Tools/Switch.o
START GROUP
LOAD c:/program files (x86)/atmel/studio/7.0/toolchain/avr8/avr8-gnu-toolchain/bin/../lib/gcc/avr/5.4.0/../../../../avr/lib/avrxmega6\libm.a
END GROUP
LOAD c:/program files (x86)/atmel/studio/7.0/toolchain/avr8/avr8-gnu-toolchain/bin/../lib/gcc/avr/5.4.0/avrxmega6\libgcc.a
LOAD c:/program files (x86)/atmel/studio/7.0/toolchain/avr8/avr8-gnu-toolchain/bin/../lib/gcc/avr/5.4.0/../../../../avr/lib/avrxmega6\libm.a
START GROUP
LOAD c:/program files (x86)/atmel/studio/7.0/toolchain/avr8/avr8-gnu-toolchain/bin/../lib/gcc/avr/5.4.0/avrxmega6\libgcc.a
LOAD c:/program files (x86)/atmel/studio/7.0/toolchain/avr8/avr8-gnu-toolchain/bin/../lib/gcc/avr/5.4.0/../../../../avr/lib/avrxmega6\libm.a
LOAD c:/program files (x86)/atmel/studio/7.0/toolchain/avr8/avr8-gnu-toolchain/bin/../lib/gcc/avr/5.4.0/../../../../avr/lib/avrxmega6\libc.a
LOAD C:/Program Files (x86)/Atmel/Studio/7.0/Packs/atmel/XMEGAA_DFP/1.1.68/gcc/dev/atxmega192a3/avrxmega6\libatxmega192a3.a
END GROUP
                0x00100000                __TEXT_REGION_LENGTH__ = DEFINED (__TEXT_REGION_LENGTH__)?__TEXT_REGION_LENGTH__:0x100000
                0x0000ffa0                __DATA_REGION_LENGTH__ = DEFINED (__DATA_REGION_LENGTH__)?__DATA_REGION_LENGTH__:0xffa0
                0x00010000                __EEPROM_REGION_LENGTH__ = DEFINED (__EEPROM_REGION_LENGTH__)?__EEPROM_REGION_LENGTH__:0x10000
                [0x00000006]                __FUSE_REGION_LENGTH__ = DEFINED (__FUSE_REGION_LENGTH__)?__FUSE_REGION_LENGTH__:0x400
                0x00000400                __LOCK_REGION_LENGTH__ = DEFINED (__LOCK_REGION_LENGTH__)?__LOCK_REGION_LENGTH__:0x400
                0x00000400                __SIGNATURE_REGION_LENGTH__ = DEFINED (__SIGNATURE_REGION_LENGTH__)?__SIGNATURE_REGION_LENGTH__:0x400
                0x00000400                __USER_SIGNATURE_REGION_LENGTH__ = DEFINED (__USER_SIGNATURE_REGION_LENGTH__)?__USER_SIGNATURE_REGION_LENGTH__:0x400

.hash
 *(.hash)

.dynsym
 *(.dynsym)

.dynstr
 *(.dynstr)

.gnu.version
 *(.gnu.version)

.gnu.version_d
 *(.gnu.version_d)

.gnu.version_r
 *(.gnu.version_r)

.rel.init
 *(.rel.init)

.rela.init
 *(.rela.init)

.rel.text
 *(.rel.text)
 *(.rel.text.*)
 *(.rel.gnu.linkonce.t*)

.rela.text
 *(.rela.text)
 *(.rela.text.*)
 *(.rela.gnu.linkonce.t*)

.rel.fini
 *(.rel.fini)

.rela.fini
 *(.rela.fini)

.rel.rodata
 *(.rel.rodata)
 *(.rel.rodata.*)
 *(.rel.gnu.linkonce.r*)

.rela.rodata
 *(.rela.rodata)
 *(.rela.rodata.*)
 *(.rela.gnu.linkonce.r*)

.rel.data
 *(.rel.data)
 *(.rel.data.*)
 *(.rel.gnu.linkonce.d*)

.rela.data
 *(.rela.data)
 *(.rela.data.*)
 *(.rela.gnu.linkonce.d*)

.rel.ctors
 *(.rel.ctors)

.rela.ctors
 *(.rela.ctors)

.rel.dtors
 *(.rel.dtors)

.rela.dtors
 *(.rela.dtors)

.rel.got
 *(.rel.got)

.rela.got
 *(.rela.got)

.rel.bss
 *(.rel.bss)

.rela.bss
 *(.rela.bss)

.rel.plt
 *(.rel.plt)

.rela.plt
 *(.rela.plt)

.text           0x00000000     0x12ac
 *(.vectors)
 .vectors       0x00000000      0x1e8 C:/Program Files (x86)/Atmel/Studio/7.0/Packs/atmel/XMEGAA_DFP/1.1.68/gcc/dev/atxmega192a3/avrxmega6/crtatxmega192a3.o
                0x00000000                __vector_default
                0x00000000                __vectors
 *(.vectors)
 *(.progmem.gcc*)
                0x000001e8                . = ALIGN (0x2)
                0x000001e8                __trampolines_start = .
 *(.trampolines)
 .trampolines   0x000001e8        0x0 linker stubs
 *(.trampolines*)
                0x000001e8                __trampolines_end = .
 *libprintf_flt.a:*(.progmem.data)
 *libc.a:*(.progmem.data)
 *(.progmem*)
                0x000001e8                . = ALIGN (0x2)
 *(.jumptables)
 *(.jumptables*)
 *(.lowtext)
 *(.lowtext*)
                0x000001e8                __ctors_start = .
 *(.ctors)
 .ctors         0x000001e8        0x2 MusicAmp.o
                0x000001ea                __ctors_end = .
                0x000001ea                __dtors_start = .
 *(.dtors)
                0x000001ea                __dtors_end = .
 SORT(*)(.ctors)
 SORT(*)(.dtors)
 *(.init0)
 .init0         0x000001ea        0x0 C:/Program Files (x86)/Atmel/Studio/7.0/Packs/atmel/XMEGAA_DFP/1.1.68/gcc/dev/atxmega192a3/avrxmega6/crtatxmega192a3.o
                0x000001ea                __init
 *(.init0)
 *(.init1)
 *(.init1)
 *(.init2)
 .init2         0x000001ea       0x10 C:/Program Files (x86)/Atmel/Studio/7.0/Packs/atmel/XMEGAA_DFP/1.1.68/gcc/dev/atxmega192a3/avrxmega6/crtatxmega192a3.o
 *(.init2)
 *(.init3)
 *(.init3)
 *(.init4)
 .init4         0x000001fa       0x10 c:/program files (x86)/atmel/studio/7.0/toolchain/avr8/avr8-gnu-toolchain/bin/../lib/gcc/avr/5.4.0/avrxmega6\libgcc.a(_clear_bss.o)
                0x000001fa                __do_clear_bss
 *(.init4)
 *(.init5)
 *(.init5)
 *(.init6)
 .init6         0x0000020a       0x20 c:/program files (x86)/atmel/studio/7.0/toolchain/avr8/avr8-gnu-toolchain/bin/../lib/gcc/avr/5.4.0/avrxmega6\libgcc.a(_ctors.o)
                0x0000020a                __do_global_ctors
 *(.init6)
 *(.init7)
 *(.init7)
 *(.init8)
 *(.init8)
 *(.init9)
 .init9         0x0000022a        0x6 C:/Program Files (x86)/Atmel/Studio/7.0/Packs/atmel/XMEGAA_DFP/1.1.68/gcc/dev/atxmega192a3/avrxmega6/crtatxmega192a3.o
 *(.init9)
 *(.text)
 .text          0x00000230        0x2 C:/Program Files (x86)/Atmel/Studio/7.0/Packs/atmel/XMEGAA_DFP/1.1.68/gcc/dev/atxmega192a3/avrxmega6/crtatxmega192a3.o
                0x00000230                __vector_38
                0x00000230                __vector_104
                0x00000230                __vector_63
                0x00000230                __vector_28
                0x00000230                __vector_67
                0x00000230                __vector_1
                0x00000230                __vector_119
                0x00000230                __vector_32
                0x00000230                __vector_75
                0x00000230                __vector_71
                0x00000230                __vector_91
                0x00000230                __vector_34
                0x00000230                __vector_62
                0x00000230                __vector_102
                0x00000230                __vector_24
                0x00000230                __vector_12
                0x00000230                __vector_55
                0x00000230                __vector_69
                0x00000230                __vector_81
                0x00000230                __vector_90
                0x00000230                __vector_46
                0x00000230                __bad_interrupt
                0x00000230                __vector_72
                0x00000230                __vector_114
                0x00000230                __vector_6
                0x00000230                __vector_110
                0x00000230                __vector_31
                0x00000230                __vector_92
                0x00000230                __vector_35
                0x00000230                __vector_78
                0x00000230                __vector_74
                0x00000230                __vector_117
                0x00000230                __vector_39
                0x00000230                __vector_107
                0x00000230                __vector_3
                0x00000230                __vector_105
                0x00000230                __vector_98
                0x00000230                __vector_23
                0x00000230                __vector_68
                0x00000230                __vector_30
                0x00000230                __vector_73
                0x00000230                __vector_45
                0x00000230                __vector_25
                0x00000230                __vector_93
                0x00000230                __vector_61
                0x00000230                __vector_11
                0x00000230                __vector_54
                0x00000230                __vector_99
                0x00000230                __vector_13
                0x00000230                __vector_17
                0x00000230                __vector_19
                0x00000230                __vector_56
                0x00000230                __vector_7
                0x00000230                __vector_49
                0x00000230                __vector_41
                0x00000230                __vector_86
                0x00000230                __vector_100
                0x00000230                __vector_101
                0x00000230                __vector_64
                0x00000230                __vector_88
                0x00000230                __vector_109
                0x00000230                __vector_43
                0x00000230                __vector_27
                0x00000230                __vector_5
                0x00000230                __vector_113
                0x00000230                __vector_33
                0x00000230                __vector_76
                0x00000230                __vector_115
                0x00000230                __vector_47
                0x00000230                __vector_52
                0x00000230                __vector_37
                0x00000230                __vector_95
                0x00000230                __vector_103
                0x00000230                __vector_96
                0x00000230                __vector_89
                0x00000230                __vector_108
                0x00000230                __vector_4
                0x00000230                __vector_44
                0x00000230                __vector_82
                0x00000230                __vector_106
                0x00000230                __vector_118
                0x00000230                __vector_51
                0x00000230                __vector_9
                0x00000230                __vector_21
                0x00000230                __vector_15
                0x00000230                __vector_36
                0x00000230                __vector_79
                0x00000230                __vector_58
                0x00000230                __vector_70
                0x00000230                __vector_29
                0x00000230                __vector_60
                0x00000230                __vector_121
                0x00000230                __vector_40
                0x00000230                __vector_94
                0x00000230                __vector_8
                0x00000230                __vector_26
                0x00000230                __vector_48
                0x00000230                __vector_116
                0x00000230                __vector_112
                0x00000230                __vector_111
                0x00000230                __vector_80
                0x00000230                __vector_84
                0x00000230                __vector_57
                0x00000230                __vector_53
                0x00000230                __vector_10
                0x00000230                __vector_50
                0x00000230                __vector_16
                0x00000230                __vector_59
                0x00000230                __vector_18
                0x00000230                __vector_97
                0x00000230                __vector_42
                0x00000230                __vector_87
                0x00000230                __vector_65
                0x00000230                __vector_120
                0x00000232                . = ALIGN (0x2)
 *(.text.*)
 .text._ZN13VolumeControl4initEv
                0x00000232        0xa Audio/VolumeControl.o
                0x00000232                _ZN13VolumeControl4initEv
 .text._ZN13VolumeControl9setVolumeEhh
                0x0000023c       0x5e Audio/VolumeControl.o
                0x0000023c                _ZN13VolumeControl9setVolumeEhh
 .text._ZN13VolumeControl11stepAudioUpEv
                0x0000029a       0x14 Audio/VolumeControl.o
                0x0000029a                _ZN13VolumeControl11stepAudioUpEv
 .text._ZN13VolumeControl13stepAudioDownEv
                0x000002ae       0x14 Audio/VolumeControl.o
                0x000002ae                _ZN13VolumeControl13stepAudioDownEv
 .text._ZN13VolumeControl10stepBassUpEv
                0x000002c2       0x16 Audio/VolumeControl.o
                0x000002c2                _ZN13VolumeControl10stepBassUpEv
 .text._ZN13VolumeControl12stepBassDownEv
                0x000002d8       0x16 Audio/VolumeControl.o
                0x000002d8                _ZN13VolumeControl12stepBassDownEv
 .text._ZN13VolumeControl21getCurrentAudioVolumeEv
                0x000002ee        0x6 Audio/VolumeControl.o
                0x000002ee                _ZN13VolumeControl21getCurrentAudioVolumeEv
 .text._ZN13VolumeControl20getCurrentBassVolumeEv
                0x000002f4        0x6 Audio/VolumeControl.o
                0x000002f4                _ZN13VolumeControl20getCurrentBassVolumeEv
 .text._ZN13VolumeControl4muteEv
                0x000002fa        0x8 Audio/VolumeControl.o
                0x000002fa                _ZN13VolumeControl4muteEv
 .text._ZN13VolumeControl6unmuteEv
                0x00000302       0x10 Audio/VolumeControl.o
                0x00000302                _ZN13VolumeControl6unmuteEv
 .text._ZN7MCP34264initEv
                0x00000312       0x18 Devices/MCP3426.o
                0x00000312                _ZN7MCP34264initEv
 .text._ZN7MCP34264readEPjS0_
                0x0000032a      0x116 Devices/MCP3426.o
                0x0000032a                _ZN7MCP34264readEPjS0_
 .text._ZN7PGA43114initEv
                0x00000440       0x28 Devices/PGA4311.o
                0x00000440                _ZN7PGA43114initEv
 .text._ZN7PGA43119setVolumeEhhhh
                0x00000468       0x64 Devices/PGA4311.o
                0x00000468                _ZN7PGA43119setVolumeEhhhh
 .text._ZN6Events9setStatusEh
                0x000004cc        0x6 Events.o
                0x000004cc                _ZN6Events9setStatusEh
 .text._ZN6Events9getStatusEv
                0x000004d2       0x1e Events.o
                0x000004d2                _ZN6Events9getStatusEv
 .text._ZN15AnalogIndicator4initEv
                0x000004f0       0x36 IO/AnalogIndicator.o
                0x000004f0                _ZN15AnalogIndicator4initEv
 .text._ZN15AnalogIndicator15setPercentValueEh
                0x00000526       0x32 IO/AnalogIndicator.o
                0x00000526                _ZN15AnalogIndicator15setPercentValueEh
 .text._ZN15AnalogIndicator15setPercentValueEf
                0x00000558       0x2e IO/AnalogIndicator.o
                0x00000558                _ZN15AnalogIndicator15setPercentValueEf
 .text._ZN5Debug4initEv
                0x00000586        0xa IO/Debug.o
                0x00000586                _ZN5Debug4initEv
 .text._ZN5Debug5blinkEh
                0x00000590       0x48 IO/Debug.o
                0x00000590                _ZN5Debug5blinkEh
 .text._ZN7Encoder9InitTimerEv
                0x000005d8       0x44 IO/Encoder.o
                0x000005d8                _ZN7Encoder9InitTimerEv
 .text._ZN7Encoder8InitMainEv
                0x0000061c       0x32 IO/Encoder.o
                0x0000061c                _ZN7Encoder8InitMainEv
 .text._ZN7Encoder13InitSecondaryEv
                0x0000064e       0x32 IO/Encoder.o
                0x0000064e                _ZN7Encoder13InitSecondaryEv
 .text._ZN12PowerControl4initEv
                0x00000680       0x10 IO/PowerControl.o
                0x00000680                _ZN12PowerControl4initEv
 .text._ZN12PowerControl11enablePowerEv
                0x00000690        0x8 IO/PowerControl.o
                0x00000690                _ZN12PowerControl11enablePowerEv
 .text._ZN12PowerControl12disablePowerEv
                0x00000698        0x8 IO/PowerControl.o
                0x00000698                _ZN12PowerControl12disablePowerEv
 .text._ZN12PowerControl11enableLightEv
                0x000006a0        0x8 IO/PowerControl.o
                0x000006a0                _ZN12PowerControl11enableLightEv
 .text._ZN12PowerControl12disableLightEv
                0x000006a8        0x8 IO/PowerControl.o
                0x000006a8                _ZN12PowerControl12disableLightEv
 .text._ZN13InputSelector4initEv
                0x000006b0       0x10 IO/InputSelector.o
                0x000006b0                _ZN13InputSelector4initEv
 .text.TWI_StartTransmission
                0x000006c0       0x5a LUFA/Drivers/Peripheral/XMEGA/TWI_XMEGA.o
                0x000006c0                TWI_StartTransmission
 .text.TWI_SendByte
                0x0000071a       0x22 LUFA/Drivers/Peripheral/XMEGA/TWI_XMEGA.o
                0x0000071a                TWI_SendByte
 .text.TWI_ReceiveByte
                0x0000073c       0x2e LUFA/Drivers/Peripheral/XMEGA/TWI_XMEGA.o
                0x0000073c                TWI_ReceiveByte
 .text.TWI_ReadPacket
                0x0000076a       0xbc LUFA/Drivers/Peripheral/XMEGA/TWI_XMEGA.o
                0x0000076a                TWI_ReadPacket
 .text.TWI_WritePacket
                0x00000826       0x82 LUFA/Drivers/Peripheral/XMEGA/TWI_XMEGA.o
                0x00000826                TWI_WritePacket
 .text._ZN18PowerSupplyMonitor4initEv
                0x000008a8        0x4 Monitor/PowerSupplyMonitor.o
                0x000008a8                _ZN18PowerSupplyMonitor4initEv
 .text._ZN18PowerSupplyMonitor14readPowerValueEPf
                0x000008ac       0x94 Monitor/PowerSupplyMonitor.o
                0x000008ac                _ZN18PowerSupplyMonitor14readPowerValueEPf
 .text.__vector_22
                0x00000940       0x60 MusicAmp.o
                0x00000940                __vector_22
 .text.__vector_20
                0x000009a0       0x60 MusicAmp.o
                0x000009a0                __vector_20
 .text.__vector_85
                0x00000a00       0x60 MusicAmp.o
                0x00000a00                __vector_85
 .text.__vector_83
                0x00000a60       0x60 MusicAmp.o
                0x00000a60                __vector_83
 .text.__vector_77
                0x00000ac0       0x9a MusicAmp.o
                0x00000ac0                __vector_77
 .text._Z22processSwitchInterruptv
                0x00000b5a       0x14 MusicAmp.o
                0x00000b5a                _Z22processSwitchInterruptv
 .text.__vector_66
                0x00000b6e       0x7a MusicAmp.o
                0x00000b6e                __vector_66
 .text._Z21processTimerInterruptv
                0x00000be8       0x28 MusicAmp.o
                0x00000be8                _Z21processTimerInterruptv
 .text.__vector_14
                0x00000c10       0x4e MusicAmp.o
                0x00000c10                __vector_14
 .text.main     0x00000c5e      0x126 MusicAmp.o
                0x00000c5e                main
 .text._Z6turnOnv
                0x00000d84       0x34 MusicAmp.o
                0x00000d84                _Z6turnOnv
 .text._Z7turnOffv
                0x00000db8       0x34 MusicAmp.o
                0x00000db8                _Z7turnOffv
 .text.__vector_2
                0x00000dec       0x68 MusicAmp.o
                0x00000dec                __vector_2
 .text._GLOBAL__sub_I_debug
                0x00000e54       0xa8 MusicAmp.o
 .text._ZN5Timer4initEv
                0x00000efc       0x1e Tools/Timer.o
                0x00000efc                _ZN5Timer4initEv
 .text._ZN5Timer6enableEv
                0x00000f1a        0xc Tools/Timer.o
                0x00000f1a                _ZN5Timer6enableEv
 .text._ZN5Timer7disableEv
                0x00000f26        0xa Tools/Timer.o
                0x00000f26                _ZN5Timer7disableEv
 .text._ZN15InterruptSwitch15enableInterruptEv
                0x00000f30       0x16 Tools/Switch.o
                0x00000f30                _ZN15InterruptSwitch15enableInterruptEv
 .text._ZN15InterruptSwitch4initEv
                0x00000f46       0x24 Tools/Switch.o
                0x00000f46                _ZN15InterruptSwitch4initEv
 .text._ZN15InterruptSwitch16disableInterruptEv
                0x00000f6a        0xa Tools/Switch.o
                0x00000f6a                _ZN15InterruptSwitch16disableInterruptEv
 .text._ZN15InterruptSwitch4isUpEv
                0x00000f74       0x1a Tools/Switch.o
                0x00000f74                _ZN15InterruptSwitch4isUpEv
 .text.avr-libc.fplib
                0x00000f8e        0x4 c:/program files (x86)/atmel/studio/7.0/toolchain/avr8/avr8-gnu-toolchain/bin/../lib/gcc/avr/5.4.0/../../../../avr/lib/avrxmega6\libm.a(divsf3.o)
                0x00000f8e                __divsf3
 .text.avr-libc.fplib
                0x00000f92       0xcc c:/program files (x86)/atmel/studio/7.0/toolchain/avr8/avr8-gnu-toolchain/bin/../lib/gcc/avr/5.4.0/../../../../avr/lib/avrxmega6\libm.a(divsf3x.o)
                0x00000fa8                __divsf3x
                0x00000fac                __divsf3_pse
 .text.avr-libc.fplib
                0x0000105e       0x58 c:/program files (x86)/atmel/studio/7.0/toolchain/avr8/avr8-gnu-toolchain/bin/../lib/gcc/avr/5.4.0/../../../../avr/lib/avrxmega6\libm.a(fixunssfsi.o)
                0x0000105e                __fixunssfsi
 .text.avr-libc.fplib
                0x000010b6       0x7a c:/program files (x86)/atmel/studio/7.0/toolchain/avr8/avr8-gnu-toolchain/bin/../lib/gcc/avr/5.4.0/../../../../avr/lib/avrxmega6\libm.a(floatsisf.o)
                0x000010b6                __floatunsisf
                0x000010ba                __floatsisf
 .text.avr-libc.fplib
                0x00001130        0xc c:/program files (x86)/atmel/studio/7.0/toolchain/avr8/avr8-gnu-toolchain/bin/../lib/gcc/avr/5.4.0/../../../../avr/lib/avrxmega6\libm.a(fp_inf.o)
                0x00001130                __fp_inf
 .text.avr-libc.fplib
                0x0000113c        0x6 c:/program files (x86)/atmel/studio/7.0/toolchain/avr8/avr8-gnu-toolchain/bin/../lib/gcc/avr/5.4.0/../../../../avr/lib/avrxmega6\libm.a(fp_nan.o)
                0x0000113c                __fp_nan
 .text.avr-libc.fplib
                0x00001142        0xe c:/program files (x86)/atmel/studio/7.0/toolchain/avr8/avr8-gnu-toolchain/bin/../lib/gcc/avr/5.4.0/../../../../avr/lib/avrxmega6\libm.a(fp_pscA.o)
                0x00001142                __fp_pscA
 .text.avr-libc.fplib
                0x00001150        0xe c:/program files (x86)/atmel/studio/7.0/toolchain/avr8/avr8-gnu-toolchain/bin/../lib/gcc/avr/5.4.0/../../../../avr/lib/avrxmega6\libm.a(fp_pscB.o)
                0x00001150                __fp_pscB
 .text.avr-libc.fplib
                0x0000115e       0x22 c:/program files (x86)/atmel/studio/7.0/toolchain/avr8/avr8-gnu-toolchain/bin/../lib/gcc/avr/5.4.0/../../../../avr/lib/avrxmega6\libm.a(fp_round.o)
                0x0000115e                __fp_round
 .text.avr-libc.fplib
                0x00001180       0x44 c:/program files (x86)/atmel/studio/7.0/toolchain/avr8/avr8-gnu-toolchain/bin/../lib/gcc/avr/5.4.0/../../../../avr/lib/avrxmega6\libm.a(fp_split3.o)
                0x00001180                __fp_split3
                0x00001190                __fp_splitA
 .text.avr-libc.fplib
                0x000011c4        0xe c:/program files (x86)/atmel/studio/7.0/toolchain/avr8/avr8-gnu-toolchain/bin/../lib/gcc/avr/5.4.0/../../../../avr/lib/avrxmega6\libm.a(fp_zero.o)
                0x000011c4                __fp_zero
                0x000011c6                __fp_szero
 .text.avr-libc.fplib
                0x000011d2        0x4 c:/program files (x86)/atmel/studio/7.0/toolchain/avr8/avr8-gnu-toolchain/bin/../lib/gcc/avr/5.4.0/../../../../avr/lib/avrxmega6\libm.a(mulsf3.o)
                0x000011d2                __mulsf3
 .text.avr-libc.fplib
                0x000011d6       0xc2 c:/program files (x86)/atmel/studio/7.0/toolchain/avr8/avr8-gnu-toolchain/bin/../lib/gcc/avr/5.4.0/../../../../avr/lib/avrxmega6\libm.a(mulsf3x.o)
                0x000011ea                __mulsf3x
                0x000011ee                __mulsf3_pse
 .text.libgcc   0x00001298       0x10 c:/program files (x86)/atmel/studio/7.0/toolchain/avr8/avr8-gnu-toolchain/bin/../lib/gcc/avr/5.4.0/avrxmega6\libgcc.a(_tablejump2.o)
                0x00001298                __tablejump2__
                0x000012a8                . = ALIGN (0x2)
 *(.fini9)
 .fini9         0x000012a8        0x0 c:/program files (x86)/atmel/studio/7.0/toolchain/avr8/avr8-gnu-toolchain/bin/../lib/gcc/avr/5.4.0/avrxmega6\libgcc.a(_exit.o)
                0x000012a8                _exit
                0x000012a8                exit
 *(.fini9)
 *(.fini8)
 *(.fini8)
 *(.fini7)
 *(.fini7)
 *(.fini6)
 *(.fini6)
 *(.fini5)
 *(.fini5)
 *(.fini4)
 *(.fini4)
 *(.fini3)
 *(.fini3)
 *(.fini2)
 *(.fini2)
 *(.fini1)
 *(.fini1)
 *(.fini0)
 .fini0         0x000012a8        0x4 c:/program files (x86)/atmel/studio/7.0/toolchain/avr8/avr8-gnu-toolchain/bin/../lib/gcc/avr/5.4.0/avrxmega6\libgcc.a(_exit.o)
 *(.fini0)
                0x000012ac                _etext = .

.data           0x00802000        0x0 load address 0x000012ac
                [!provide]                PROVIDE (__data_start, .)
 *(.data)
 *(.data*)
 *(.gnu.linkonce.d*)
 *(.rodata)
 *(.rodata*)
 *(.gnu.linkonce.r*)
                0x00802000                . = ALIGN (0x2)
                0x00802000                _edata = .
                [!provide]                PROVIDE (__data_end, .)

.bss            0x00802000       0x37
                0x00802000                PROVIDE (__bss_start, .)
 *(.bss)
 *(.bss*)
 .bss._ZZN18PowerSupplyMonitor14readPowerValueEPfE7voltage
                0x00802000        0x2 Monitor/PowerSupplyMonitor.o
 .bss._ZZN18PowerSupplyMonitor14readPowerValueEPfE7current
                0x00802002        0x2 Monitor/PowerSupplyMonitor.o
 .bss._ZZ11__vector_66E5power
                0x00802004        0x4 MusicAmp.o
 .bss._ZZ11__vector_77E5power
                0x00802008        0x4 MusicAmp.o
 .bss.turnedOn  0x0080200c        0x1 MusicAmp.o
                0x0080200c                turnedOn
 .bss.analogIndicatorMode
                0x0080200d        0x1 MusicAmp.o
                0x0080200d                analogIndicatorMode
 .bss.powerSupplyMonitor
                0x0080200e        0x5 MusicAmp.o
                0x0080200e                powerSupplyMonitor
 .bss.volumeControl
                0x00802013        0x9 MusicAmp.o
                0x00802013                volumeControl
 .bss.inputSelector
                0x0080201c        0x1 MusicAmp.o
                0x0080201c                inputSelector
 .bss.powerControl
                0x0080201d        0x5 MusicAmp.o
                0x0080201d                powerControl
 .bss.analogIndicator
                0x00802022        0x5 MusicAmp.o
                0x00802022                analogIndicator
 .bss.events    0x00802027        0x1 MusicAmp.o
                0x00802027                events
 .bss.hearbeatCounter
                0x00802028        0x2 MusicAmp.o
                0x00802028                hearbeatCounter
 .bss.heartbeat
                0x0080202a        0x4 MusicAmp.o
                0x0080202a                heartbeat
 .bss.oscillationCancellingTimer
                0x0080202e        0x4 MusicAmp.o
                0x0080202e                oscillationCancellingTimer
 .bss.debug     0x00802032        0x5 MusicAmp.o
                0x00802032                debug
 *(COMMON)
                0x00802037                PROVIDE (__bss_end, .)
                0x000012ac                __data_load_start = LOADADDR (.data)
                0x000012ac                __data_load_end = (__data_load_start + SIZEOF (.data))

.noinit         0x00802037        0x0
                [!provide]                PROVIDE (__noinit_start, .)
 *(.noinit*)
                [!provide]                PROVIDE (__noinit_end, .)
                0x00802037                _end = .
                [!provide]                PROVIDE (__heap_start, .)

.eeprom         0x00810000        0x0
 *(.eeprom*)
                0x00810000                __eeprom_end = .

.fuse
 *(.fuse)
 *(.lfuse)
 *(.hfuse)
 *(.efuse)

.lock
 *(.lock*)

.signature
 *(.signature*)

.user_signatures
 *(.user_signatures*)

.stab
 *(.stab)

.stabstr
 *(.stabstr)

.stab.excl
 *(.stab.excl)

.stab.exclstr
 *(.stab.exclstr)

.stab.index
 *(.stab.index)

.stab.indexstr
 *(.stab.indexstr)

.comment        0x00000000       0x30
 *(.comment)
 .comment       0x00000000       0x30 Audio/VolumeControl.o
                                 0x31 (size before relaxing)
 .comment       0x00000030       0x31 Devices/MCP3426.o
 .comment       0x00000030       0x31 Devices/PGA4311.o
 .comment       0x00000030       0x31 Events.o
 .comment       0x00000030       0x31 IO/AnalogIndicator.o
 .comment       0x00000030       0x31 IO/Debug.o
 .comment       0x00000030       0x31 IO/Encoder.o
 .comment       0x00000030       0x31 IO/PowerControl.o
 .comment       0x00000030       0x31 IO/InputSelector.o
 .comment       0x00000030       0x31 LUFA/Drivers/Peripheral/XMEGA/TWI_XMEGA.o
 .comment       0x00000030       0x31 Monitor/PowerSupplyMonitor.o
 .comment       0x00000030       0x31 MusicAmp.o
 .comment       0x00000030       0x31 Tools/Timer.o
 .comment       0x00000030       0x31 Tools/Switch.o

.note.gnu.avr.deviceinfo
                0x00000000       0x40
 .note.gnu.avr.deviceinfo
                0x00000000       0x40 C:/Program Files (x86)/Atmel/Studio/7.0/Packs/atmel/XMEGAA_DFP/1.1.68/gcc/dev/atxmega192a3/avrxmega6/crtatxmega192a3.o

.note.gnu.build-id
 *(.note.gnu.build-id)

.debug
 *(.debug)

.line
 *(.line)

.debug_srcinfo
 *(.debug_srcinfo)

.debug_sfnames
 *(.debug_sfnames)

.debug_aranges  0x00000000      0x340
 *(.debug_aranges)
 .debug_aranges
                0x00000000       0x68 Audio/VolumeControl.o
 .debug_aranges
                0x00000068       0x28 Devices/MCP3426.o
 .debug_aranges
                0x00000090       0x28 Devices/PGA4311.o
 .debug_aranges
                0x000000b8       0x28 Events.o
 .debug_aranges
                0x000000e0       0x38 IO/AnalogIndicator.o
 .debug_aranges
                0x00000118       0x30 IO/Debug.o
 .debug_aranges
                0x00000148       0x30 IO/Encoder.o
 .debug_aranges
                0x00000178       0x40 IO/PowerControl.o
 .debug_aranges
                0x000001b8       0x28 IO/InputSelector.o
 .debug_aranges
                0x000001e0       0x40 LUFA/Drivers/Peripheral/XMEGA/TWI_XMEGA.o
 .debug_aranges
                0x00000220       0x28 Monitor/PowerSupplyMonitor.o
 .debug_aranges
                0x00000248       0x90 MusicAmp.o
 .debug_aranges
                0x000002d8       0x30 Tools/Timer.o
 .debug_aranges
                0x00000308       0x38 Tools/Switch.o

.debug_pubnames
 *(.debug_pubnames)

.debug_info     0x00000000     0xa164
 *(.debug_info .gnu.linkonce.wi.*)
 .debug_info    0x00000000     0x2c3e C:/Program Files (x86)/Atmel/Studio/7.0/Packs/atmel/XMEGAA_DFP/1.1.68/gcc/dev/atxmega192a3/avrxmega6/crtatxmega192a3.o
 .debug_info    0x00002c3e      0x73c Audio/VolumeControl.o
 .debug_info    0x0000337a      0x5b1 Devices/MCP3426.o
 .debug_info    0x0000392b      0x439 Devices/PGA4311.o
 .debug_info    0x00003d64      0x223 Events.o
 .debug_info    0x00003f87      0x659 IO/AnalogIndicator.o
 .debug_info    0x000045e0      0x547 IO/Debug.o
 .debug_info    0x00004b27      0xe54 IO/Encoder.o
 .debug_info    0x0000597b      0x4a5 IO/PowerControl.o
 .debug_info    0x00005e20      0x2ce IO/InputSelector.o
 .debug_info    0x000060ee      0x673 LUFA/Drivers/Peripheral/XMEGA/TWI_XMEGA.o
 .debug_info    0x00006761      0x427 Monitor/PowerSupplyMonitor.o
 .debug_info    0x00006b88     0x294f MusicAmp.o
 .debug_info    0x000094d7      0x836 Tools/Timer.o
 .debug_info    0x00009d0d      0x457 Tools/Switch.o

.debug_abbrev   0x00000000     0x42dd
 *(.debug_abbrev)
 .debug_abbrev  0x00000000     0x29e6 C:/Program Files (x86)/Atmel/Studio/7.0/Packs/atmel/XMEGAA_DFP/1.1.68/gcc/dev/atxmega192a3/avrxmega6/crtatxmega192a3.o
 .debug_abbrev  0x000029e6      0x1ce Audio/VolumeControl.o
 .debug_abbrev  0x00002bb4      0x250 Devices/MCP3426.o
 .debug_abbrev  0x00002e04      0x168 Devices/PGA4311.o
 .debug_abbrev  0x00002f6c      0x16a Events.o
 .debug_abbrev  0x000030d6      0x1c4 IO/AnalogIndicator.o
 .debug_abbrev  0x0000329a      0x1f0 IO/Debug.o
 .debug_abbrev  0x0000348a      0x196 IO/Encoder.o
 .debug_abbrev  0x00003620      0x182 IO/PowerControl.o
 .debug_abbrev  0x000037a2      0x118 IO/InputSelector.o
 .debug_abbrev  0x000038ba      0x1f4 LUFA/Drivers/Peripheral/XMEGA/TWI_XMEGA.o
 .debug_abbrev  0x00003aae      0x193 Monitor/PowerSupplyMonitor.o
 .debug_abbrev  0x00003c41      0x38a MusicAmp.o
 .debug_abbrev  0x00003fcb      0x18c Tools/Timer.o
 .debug_abbrev  0x00004157      0x186 Tools/Switch.o

.debug_line     0x00000000     0x21d3
 *(.debug_line .debug_line.* .debug_line_end)
 .debug_line    0x00000000      0x37f C:/Program Files (x86)/Atmel/Studio/7.0/Packs/atmel/XMEGAA_DFP/1.1.68/gcc/dev/atxmega192a3/avrxmega6/crtatxmega192a3.o
 .debug_line    0x0000037f      0x2a4 Audio/VolumeControl.o
 .debug_line    0x00000623      0x24d Devices/MCP3426.o
 .debug_line    0x00000870      0x17f Devices/PGA4311.o
 .debug_line    0x000009ef      0x14d Events.o
 .debug_line    0x00000b3c      0x192 IO/AnalogIndicator.o
 .debug_line    0x00000cce      0x225 IO/Debug.o
 .debug_line    0x00000ef3      0x1ae IO/Encoder.o
 .debug_line    0x000010a1      0x1a1 IO/PowerControl.o
 .debug_line    0x00001242      0x16a IO/InputSelector.o
 .debug_line    0x000013ac      0x36b LUFA/Drivers/Peripheral/XMEGA/TWI_XMEGA.o
 .debug_line    0x00001717      0x1d0 Monitor/PowerSupplyMonitor.o
 .debug_line    0x000018e7      0x62e MusicAmp.o
 .debug_line    0x00001f15      0x147 Tools/Timer.o
 .debug_line    0x0000205c      0x177 Tools/Switch.o

.debug_frame    0x00000000      0x880
 *(.debug_frame)
 .debug_frame   0x00000000       0xd0 Audio/VolumeControl.o
 .debug_frame   0x000000d0       0x88 Devices/MCP3426.o
 .debug_frame   0x00000158       0x3c Devices/PGA4311.o
 .debug_frame   0x00000194       0x34 Events.o
 .debug_frame   0x000001c8       0x6c IO/AnalogIndicator.o
 .debug_frame   0x00000234       0x44 IO/Debug.o
 .debug_frame   0x00000278       0x44 IO/Encoder.o
 .debug_frame   0x000002bc       0x64 IO/PowerControl.o
 .debug_frame   0x00000320       0x34 IO/InputSelector.o
 .debug_frame   0x00000354       0xec LUFA/Drivers/Peripheral/XMEGA/TWI_XMEGA.o
 .debug_frame   0x00000440       0x54 Monitor/PowerSupplyMonitor.o
 .debug_frame   0x00000494      0x354 MusicAmp.o
 .debug_frame   0x000007e8       0x44 Tools/Timer.o
 .debug_frame   0x0000082c       0x54 Tools/Switch.o

.debug_str      0x00000000     0x497c
 *(.debug_str)
 .debug_str     0x00000000     0x1d78 C:/Program Files (x86)/Atmel/Studio/7.0/Packs/atmel/XMEGAA_DFP/1.1.68/gcc/dev/atxmega192a3/avrxmega6/crtatxmega192a3.o
 .debug_str     0x00001d78      0x527 Audio/VolumeControl.o
                                0x56a (size before relaxing)
 .debug_str     0x0000229f      0x2b7 Devices/MCP3426.o
                                0x48c (size before relaxing)
 .debug_str     0x00002556      0x158 Devices/PGA4311.o
                                0x47a (size before relaxing)
 .debug_str     0x000026ae      0x186 Events.o
                                0x32e (size before relaxing)
 .debug_str     0x00002834      0x2de IO/AnalogIndicator.o
                                0x57a (size before relaxing)
 .debug_str     0x00002b12      0x172 IO/Debug.o
                                0x43d (size before relaxing)
 .debug_str     0x00002c84     0x1475 IO/Encoder.o
                               0x179a (size before relaxing)
 .debug_str     0x000040f9      0x11b IO/PowerControl.o
                                0x491 (size before relaxing)
 .debug_str     0x00004214       0x8d IO/InputSelector.o
                                0x307 (size before relaxing)
 .debug_str     0x000042a1      0x228 LUFA/Drivers/Peripheral/XMEGA/TWI_XMEGA.o
                                0x47e (size before relaxing)
 .debug_str     0x000044c9       0xc8 Monitor/PowerSupplyMonitor.o
                                0x416 (size before relaxing)
 .debug_str     0x00004591      0x364 MusicAmp.o
                               0x12c4 (size before relaxing)
 .debug_str     0x000048f5       0x13 Tools/Timer.o
                                0x693 (size before relaxing)
 .debug_str     0x00004908       0x74 Tools/Switch.o
                                0x519 (size before relaxing)

.debug_loc      0x00000000     0x1d4d
 *(.debug_loc)
 .debug_loc     0x00000000      0x26f Audio/VolumeControl.o
 .debug_loc     0x0000026f      0x2a8 Devices/MCP3426.o
 .debug_loc     0x00000517       0xa1 Devices/PGA4311.o
 .debug_loc     0x000005b8       0x28 Events.o
 .debug_loc     0x000005e0      0x13f IO/AnalogIndicator.o
 .debug_loc     0x0000071f      0x169 IO/Debug.o
 .debug_loc     0x00000888       0x82 IO/Encoder.o
 .debug_loc     0x0000090a       0xbe IO/PowerControl.o
 .debug_loc     0x000009c8       0x50 IO/InputSelector.o
 .debug_loc     0x00000a18      0x6de LUFA/Drivers/Peripheral/XMEGA/TWI_XMEGA.o
 .debug_loc     0x000010f6      0x103 Monitor/PowerSupplyMonitor.o
 .debug_loc     0x000011f9      0xa98 MusicAmp.o
 .debug_loc     0x00001c91       0x5e Tools/Timer.o
 .debug_loc     0x00001cef       0x5e Tools/Switch.o

.debug_macinfo
 *(.debug_macinfo)

.debug_weaknames
 *(.debug_weaknames)

.debug_funcnames
 *(.debug_funcnames)

.debug_typenames
 *(.debug_typenames)

.debug_varnames
 *(.debug_varnames)

.debug_pubtypes
 *(.debug_pubtypes)

.debug_ranges   0x00000000      0x290
 *(.debug_ranges)
 .debug_ranges  0x00000000       0x58 Audio/VolumeControl.o
 .debug_ranges  0x00000058       0x18 Devices/MCP3426.o
 .debug_ranges  0x00000070       0x18 Devices/PGA4311.o
 .debug_ranges  0x00000088       0x18 Events.o
 .debug_ranges  0x000000a0       0x28 IO/AnalogIndicator.o
 .debug_ranges  0x000000c8       0x20 IO/Debug.o
 .debug_ranges  0x000000e8       0x20 IO/Encoder.o
 .debug_ranges  0x00000108       0x30 IO/PowerControl.o
 .debug_ranges  0x00000138       0x18 IO/InputSelector.o
 .debug_ranges  0x00000150       0x48 LUFA/Drivers/Peripheral/XMEGA/TWI_XMEGA.o
 .debug_ranges  0x00000198       0x18 Monitor/PowerSupplyMonitor.o
 .debug_ranges  0x000001b0       0x98 MusicAmp.o
 .debug_ranges  0x00000248       0x20 Tools/Timer.o
 .debug_ranges  0x00000268       0x28 Tools/Switch.o

.debug_macro
 *(.debug_macro)
OUTPUT(MusicAmp.elf elf32-avr)
LOAD linker stubs
