Archive member included because of file (symbol)

c:/program files (x86)/atmel/atmel toolchain/avr8 gcc/native/3.4.1061/avr8-gnu-toolchain/bin/../lib/gcc/avr/4.8.1/../../../../avr/lib/avrxmega6\libm.a(divsf3.o)
                              Audio/VolumeControl.o (__divsf3)
c:/program files (x86)/atmel/atmel toolchain/avr8 gcc/native/3.4.1061/avr8-gnu-toolchain/bin/../lib/gcc/avr/4.8.1/../../../../avr/lib/avrxmega6\libm.a(divsf3x.o)
                              c:/program files (x86)/atmel/atmel toolchain/avr8 gcc/native/3.4.1061/avr8-gnu-toolchain/bin/../lib/gcc/avr/4.8.1/../../../../avr/lib/avrxmega6\libm.a(divsf3.o) (__divsf3x)
c:/program files (x86)/atmel/atmel toolchain/avr8 gcc/native/3.4.1061/avr8-gnu-toolchain/bin/../lib/gcc/avr/4.8.1/../../../../avr/lib/avrxmega6\libm.a(fixunssfsi.o)
                              Audio/VolumeControl.o (__fixunssfsi)
c:/program files (x86)/atmel/atmel toolchain/avr8 gcc/native/3.4.1061/avr8-gnu-toolchain/bin/../lib/gcc/avr/4.8.1/../../../../avr/lib/avrxmega6\libm.a(floatsisf.o)
                              Monitor/PowerSupplyMonitor.o (__floatunsisf)
c:/program files (x86)/atmel/atmel toolchain/avr8 gcc/native/3.4.1061/avr8-gnu-toolchain/bin/../lib/gcc/avr/4.8.1/../../../../avr/lib/avrxmega6\libm.a(fp_inf.o)
                              c:/program files (x86)/atmel/atmel toolchain/avr8 gcc/native/3.4.1061/avr8-gnu-toolchain/bin/../lib/gcc/avr/4.8.1/../../../../avr/lib/avrxmega6\libm.a(divsf3x.o) (__fp_inf)
c:/program files (x86)/atmel/atmel toolchain/avr8 gcc/native/3.4.1061/avr8-gnu-toolchain/bin/../lib/gcc/avr/4.8.1/../../../../avr/lib/avrxmega6\libm.a(fp_nan.o)
                              c:/program files (x86)/atmel/atmel toolchain/avr8 gcc/native/3.4.1061/avr8-gnu-toolchain/bin/../lib/gcc/avr/4.8.1/../../../../avr/lib/avrxmega6\libm.a(divsf3x.o) (__fp_nan)
c:/program files (x86)/atmel/atmel toolchain/avr8 gcc/native/3.4.1061/avr8-gnu-toolchain/bin/../lib/gcc/avr/4.8.1/../../../../avr/lib/avrxmega6\libm.a(fp_pscA.o)
                              c:/program files (x86)/atmel/atmel toolchain/avr8 gcc/native/3.4.1061/avr8-gnu-toolchain/bin/../lib/gcc/avr/4.8.1/../../../../avr/lib/avrxmega6\libm.a(divsf3x.o) (__fp_pscA)
c:/program files (x86)/atmel/atmel toolchain/avr8 gcc/native/3.4.1061/avr8-gnu-toolchain/bin/../lib/gcc/avr/4.8.1/../../../../avr/lib/avrxmega6\libm.a(fp_pscB.o)
                              c:/program files (x86)/atmel/atmel toolchain/avr8 gcc/native/3.4.1061/avr8-gnu-toolchain/bin/../lib/gcc/avr/4.8.1/../../../../avr/lib/avrxmega6\libm.a(divsf3x.o) (__fp_pscB)
c:/program files (x86)/atmel/atmel toolchain/avr8 gcc/native/3.4.1061/avr8-gnu-toolchain/bin/../lib/gcc/avr/4.8.1/../../../../avr/lib/avrxmega6\libm.a(fp_round.o)
                              c:/program files (x86)/atmel/atmel toolchain/avr8 gcc/native/3.4.1061/avr8-gnu-toolchain/bin/../lib/gcc/avr/4.8.1/../../../../avr/lib/avrxmega6\libm.a(divsf3.o) (__fp_round)
c:/program files (x86)/atmel/atmel toolchain/avr8 gcc/native/3.4.1061/avr8-gnu-toolchain/bin/../lib/gcc/avr/4.8.1/../../../../avr/lib/avrxmega6\libm.a(fp_split3.o)
                              c:/program files (x86)/atmel/atmel toolchain/avr8 gcc/native/3.4.1061/avr8-gnu-toolchain/bin/../lib/gcc/avr/4.8.1/../../../../avr/lib/avrxmega6\libm.a(divsf3x.o) (__fp_split3)
c:/program files (x86)/atmel/atmel toolchain/avr8 gcc/native/3.4.1061/avr8-gnu-toolchain/bin/../lib/gcc/avr/4.8.1/../../../../avr/lib/avrxmega6\libm.a(fp_zero.o)
                              c:/program files (x86)/atmel/atmel toolchain/avr8 gcc/native/3.4.1061/avr8-gnu-toolchain/bin/../lib/gcc/avr/4.8.1/../../../../avr/lib/avrxmega6\libm.a(fixunssfsi.o) (__fp_zero)
c:/program files (x86)/atmel/atmel toolchain/avr8 gcc/native/3.4.1061/avr8-gnu-toolchain/bin/../lib/gcc/avr/4.8.1/../../../../avr/lib/avrxmega6\libm.a(mulsf3.o)
                              Audio/VolumeControl.o (__mulsf3)
c:/program files (x86)/atmel/atmel toolchain/avr8 gcc/native/3.4.1061/avr8-gnu-toolchain/bin/../lib/gcc/avr/4.8.1/../../../../avr/lib/avrxmega6\libm.a(mulsf3x.o)
                              c:/program files (x86)/atmel/atmel toolchain/avr8 gcc/native/3.4.1061/avr8-gnu-toolchain/bin/../lib/gcc/avr/4.8.1/../../../../avr/lib/avrxmega6\libm.a(mulsf3.o) (__mulsf3x)
c:/program files (x86)/atmel/atmel toolchain/avr8 gcc/native/3.4.1061/avr8-gnu-toolchain/bin/../lib/gcc/avr/4.8.1/avrxmega6\libgcc.a(_exit.o)
                              c:/program files (x86)/atmel/atmel toolchain/avr8 gcc/native/3.4.1061/avr8-gnu-toolchain/bin/../lib/gcc/avr/4.8.1/../../../../avr/lib/avrxmega6/crtx192a3.o (exit)
c:/program files (x86)/atmel/atmel toolchain/avr8 gcc/native/3.4.1061/avr8-gnu-toolchain/bin/../lib/gcc/avr/4.8.1/avrxmega6\libgcc.a(_clear_bss.o)
                              Monitor/PowerSupplyMonitor.o (__do_clear_bss)
c:/program files (x86)/atmel/atmel toolchain/avr8 gcc/native/3.4.1061/avr8-gnu-toolchain/bin/../lib/gcc/avr/4.8.1/avrxmega6\libgcc.a(_ctors.o)
                              MusicAmp.o (__do_global_ctors)
c:/program files (x86)/atmel/atmel toolchain/avr8 gcc/native/3.4.1061/avr8-gnu-toolchain/bin/../lib/gcc/avr/4.8.1/avrxmega6\libgcc.a(_tablejump_elpm.o)
                              c:/program files (x86)/atmel/atmel toolchain/avr8 gcc/native/3.4.1061/avr8-gnu-toolchain/bin/../lib/gcc/avr/4.8.1/avrxmega6\libgcc.a(_ctors.o) (__tablejump_elpm__)

Discarded input sections

 .data          0x00000000        0x0 c:/program files (x86)/atmel/atmel toolchain/avr8 gcc/native/3.4.1061/avr8-gnu-toolchain/bin/../lib/gcc/avr/4.8.1/../../../../avr/lib/avrxmega6/crtx192a3.o
 .bss           0x00000000        0x0 c:/program files (x86)/atmel/atmel toolchain/avr8 gcc/native/3.4.1061/avr8-gnu-toolchain/bin/../lib/gcc/avr/4.8.1/../../../../avr/lib/avrxmega6/crtx192a3.o
 .text          0x00000000        0x0 Audio/VolumeControl.o
 .data          0x00000000        0x0 Audio/VolumeControl.o
 .bss           0x00000000        0x0 Audio/VolumeControl.o
 .text          0x00000000        0x0 Devices/MCP3426.o
 .data          0x00000000        0x0 Devices/MCP3426.o
 .bss           0x00000000        0x0 Devices/MCP3426.o
 .text          0x00000000        0x0 Devices/PGA4311.o
 .data          0x00000000        0x0 Devices/PGA4311.o
 .bss           0x00000000        0x0 Devices/PGA4311.o
 .text          0x00000000        0x0 Events.o
 .data          0x00000000        0x0 Events.o
 .bss           0x00000000        0x0 Events.o
 .text          0x00000000        0x0 IO/AnalogIndicator.o
 .data          0x00000000        0x0 IO/AnalogIndicator.o
 .bss           0x00000000        0x0 IO/AnalogIndicator.o
 .text._ZN15AnalogIndicator8setValueEj
                0x00000000        0xc IO/AnalogIndicator.o
 .text          0x00000000        0x0 IO/Debug.o
 .data          0x00000000        0x0 IO/Debug.o
 .bss           0x00000000        0x0 IO/Debug.o
 .text          0x00000000        0x0 IO/Encoder.o
 .data          0x00000000        0x0 IO/Encoder.o
 .bss           0x00000000        0x0 IO/Encoder.o
 .text          0x00000000        0x0 IO/PowerControl.o
 .data          0x00000000        0x0 IO/PowerControl.o
 .bss           0x00000000        0x0 IO/PowerControl.o
 .text          0x00000000        0x0 IO/InputSelector.o
 .data          0x00000000        0x0 IO/InputSelector.o
 .bss           0x00000000        0x0 IO/InputSelector.o
 .text._ZN13InputSelector9nextInputEv
                0x00000000       0x22 IO/InputSelector.o
 .text          0x00000000        0x0 LUFA/Drivers/Peripheral/XMEGA/TWI_XMEGA.o
 .data          0x00000000        0x0 LUFA/Drivers/Peripheral/XMEGA/TWI_XMEGA.o
 .bss           0x00000000        0x0 LUFA/Drivers/Peripheral/XMEGA/TWI_XMEGA.o
 .text          0x00000000        0x0 Monitor/PowerSupplyMonitor.o
 .data          0x00000000        0x0 Monitor/PowerSupplyMonitor.o
 .bss           0x00000000        0x0 Monitor/PowerSupplyMonitor.o
 .text          0x00000000        0x0 MusicAmp.o
 .data          0x00000000        0x0 MusicAmp.o
 .bss           0x00000000        0x0 MusicAmp.o
 .text._Z22setAnalogIndicatorModehh
                0x00000000       0x18 MusicAmp.o
 .text          0x00000000        0x0 Tools/Timer.o
 .data          0x00000000        0x0 Tools/Timer.o
 .bss           0x00000000        0x0 Tools/Timer.o
 .text          0x00000000        0x0 Tools/Switch.o
 .data          0x00000000        0x0 Tools/Switch.o
 .bss           0x00000000        0x0 Tools/Switch.o
 .text          0x00000000        0x0 c:/program files (x86)/atmel/atmel toolchain/avr8 gcc/native/3.4.1061/avr8-gnu-toolchain/bin/../lib/gcc/avr/4.8.1/../../../../avr/lib/avrxmega6\libm.a(divsf3.o)
 .data          0x00000000        0x0 c:/program files (x86)/atmel/atmel toolchain/avr8 gcc/native/3.4.1061/avr8-gnu-toolchain/bin/../lib/gcc/avr/4.8.1/../../../../avr/lib/avrxmega6\libm.a(divsf3.o)
 .bss           0x00000000        0x0 c:/program files (x86)/atmel/atmel toolchain/avr8 gcc/native/3.4.1061/avr8-gnu-toolchain/bin/../lib/gcc/avr/4.8.1/../../../../avr/lib/avrxmega6\libm.a(divsf3.o)
 .text          0x00000000        0x0 c:/program files (x86)/atmel/atmel toolchain/avr8 gcc/native/3.4.1061/avr8-gnu-toolchain/bin/../lib/gcc/avr/4.8.1/../../../../avr/lib/avrxmega6\libm.a(divsf3x.o)
 .data          0x00000000        0x0 c:/program files (x86)/atmel/atmel toolchain/avr8 gcc/native/3.4.1061/avr8-gnu-toolchain/bin/../lib/gcc/avr/4.8.1/../../../../avr/lib/avrxmega6\libm.a(divsf3x.o)
 .bss           0x00000000        0x0 c:/program files (x86)/atmel/atmel toolchain/avr8 gcc/native/3.4.1061/avr8-gnu-toolchain/bin/../lib/gcc/avr/4.8.1/../../../../avr/lib/avrxmega6\libm.a(divsf3x.o)
 .text          0x00000000        0x0 c:/program files (x86)/atmel/atmel toolchain/avr8 gcc/native/3.4.1061/avr8-gnu-toolchain/bin/../lib/gcc/avr/4.8.1/../../../../avr/lib/avrxmega6\libm.a(fixunssfsi.o)
 .data          0x00000000        0x0 c:/program files (x86)/atmel/atmel toolchain/avr8 gcc/native/3.4.1061/avr8-gnu-toolchain/bin/../lib/gcc/avr/4.8.1/../../../../avr/lib/avrxmega6\libm.a(fixunssfsi.o)
 .bss           0x00000000        0x0 c:/program files (x86)/atmel/atmel toolchain/avr8 gcc/native/3.4.1061/avr8-gnu-toolchain/bin/../lib/gcc/avr/4.8.1/../../../../avr/lib/avrxmega6\libm.a(fixunssfsi.o)
 .text          0x00000000        0x0 c:/program files (x86)/atmel/atmel toolchain/avr8 gcc/native/3.4.1061/avr8-gnu-toolchain/bin/../lib/gcc/avr/4.8.1/../../../../avr/lib/avrxmega6\libm.a(floatsisf.o)
 .data          0x00000000        0x0 c:/program files (x86)/atmel/atmel toolchain/avr8 gcc/native/3.4.1061/avr8-gnu-toolchain/bin/../lib/gcc/avr/4.8.1/../../../../avr/lib/avrxmega6\libm.a(floatsisf.o)
 .bss           0x00000000        0x0 c:/program files (x86)/atmel/atmel toolchain/avr8 gcc/native/3.4.1061/avr8-gnu-toolchain/bin/../lib/gcc/avr/4.8.1/../../../../avr/lib/avrxmega6\libm.a(floatsisf.o)
 .text          0x00000000        0x0 c:/program files (x86)/atmel/atmel toolchain/avr8 gcc/native/3.4.1061/avr8-gnu-toolchain/bin/../lib/gcc/avr/4.8.1/../../../../avr/lib/avrxmega6\libm.a(fp_inf.o)
 .data          0x00000000        0x0 c:/program files (x86)/atmel/atmel toolchain/avr8 gcc/native/3.4.1061/avr8-gnu-toolchain/bin/../lib/gcc/avr/4.8.1/../../../../avr/lib/avrxmega6\libm.a(fp_inf.o)
 .bss           0x00000000        0x0 c:/program files (x86)/atmel/atmel toolchain/avr8 gcc/native/3.4.1061/avr8-gnu-toolchain/bin/../lib/gcc/avr/4.8.1/../../../../avr/lib/avrxmega6\libm.a(fp_inf.o)
 .text          0x00000000        0x0 c:/program files (x86)/atmel/atmel toolchain/avr8 gcc/native/3.4.1061/avr8-gnu-toolchain/bin/../lib/gcc/avr/4.8.1/../../../../avr/lib/avrxmega6\libm.a(fp_nan.o)
 .data          0x00000000        0x0 c:/program files (x86)/atmel/atmel toolchain/avr8 gcc/native/3.4.1061/avr8-gnu-toolchain/bin/../lib/gcc/avr/4.8.1/../../../../avr/lib/avrxmega6\libm.a(fp_nan.o)
 .bss           0x00000000        0x0 c:/program files (x86)/atmel/atmel toolchain/avr8 gcc/native/3.4.1061/avr8-gnu-toolchain/bin/../lib/gcc/avr/4.8.1/../../../../avr/lib/avrxmega6\libm.a(fp_nan.o)
 .text          0x00000000        0x0 c:/program files (x86)/atmel/atmel toolchain/avr8 gcc/native/3.4.1061/avr8-gnu-toolchain/bin/../lib/gcc/avr/4.8.1/../../../../avr/lib/avrxmega6\libm.a(fp_pscA.o)
 .data          0x00000000        0x0 c:/program files (x86)/atmel/atmel toolchain/avr8 gcc/native/3.4.1061/avr8-gnu-toolchain/bin/../lib/gcc/avr/4.8.1/../../../../avr/lib/avrxmega6\libm.a(fp_pscA.o)
 .bss           0x00000000        0x0 c:/program files (x86)/atmel/atmel toolchain/avr8 gcc/native/3.4.1061/avr8-gnu-toolchain/bin/../lib/gcc/avr/4.8.1/../../../../avr/lib/avrxmega6\libm.a(fp_pscA.o)
 .text          0x00000000        0x0 c:/program files (x86)/atmel/atmel toolchain/avr8 gcc/native/3.4.1061/avr8-gnu-toolchain/bin/../lib/gcc/avr/4.8.1/../../../../avr/lib/avrxmega6\libm.a(fp_pscB.o)
 .data          0x00000000        0x0 c:/program files (x86)/atmel/atmel toolchain/avr8 gcc/native/3.4.1061/avr8-gnu-toolchain/bin/../lib/gcc/avr/4.8.1/../../../../avr/lib/avrxmega6\libm.a(fp_pscB.o)
 .bss           0x00000000        0x0 c:/program files (x86)/atmel/atmel toolchain/avr8 gcc/native/3.4.1061/avr8-gnu-toolchain/bin/../lib/gcc/avr/4.8.1/../../../../avr/lib/avrxmega6\libm.a(fp_pscB.o)
 .text          0x00000000        0x0 c:/program files (x86)/atmel/atmel toolchain/avr8 gcc/native/3.4.1061/avr8-gnu-toolchain/bin/../lib/gcc/avr/4.8.1/../../../../avr/lib/avrxmega6\libm.a(fp_round.o)
 .data          0x00000000        0x0 c:/program files (x86)/atmel/atmel toolchain/avr8 gcc/native/3.4.1061/avr8-gnu-toolchain/bin/../lib/gcc/avr/4.8.1/../../../../avr/lib/avrxmega6\libm.a(fp_round.o)
 .bss           0x00000000        0x0 c:/program files (x86)/atmel/atmel toolchain/avr8 gcc/native/3.4.1061/avr8-gnu-toolchain/bin/../lib/gcc/avr/4.8.1/../../../../avr/lib/avrxmega6\libm.a(fp_round.o)
 .text          0x00000000        0x0 c:/program files (x86)/atmel/atmel toolchain/avr8 gcc/native/3.4.1061/avr8-gnu-toolchain/bin/../lib/gcc/avr/4.8.1/../../../../avr/lib/avrxmega6\libm.a(fp_split3.o)
 .data          0x00000000        0x0 c:/program files (x86)/atmel/atmel toolchain/avr8 gcc/native/3.4.1061/avr8-gnu-toolchain/bin/../lib/gcc/avr/4.8.1/../../../../avr/lib/avrxmega6\libm.a(fp_split3.o)
 .bss           0x00000000        0x0 c:/program files (x86)/atmel/atmel toolchain/avr8 gcc/native/3.4.1061/avr8-gnu-toolchain/bin/../lib/gcc/avr/4.8.1/../../../../avr/lib/avrxmega6\libm.a(fp_split3.o)
 .text          0x00000000        0x0 c:/program files (x86)/atmel/atmel toolchain/avr8 gcc/native/3.4.1061/avr8-gnu-toolchain/bin/../lib/gcc/avr/4.8.1/../../../../avr/lib/avrxmega6\libm.a(fp_zero.o)
 .data          0x00000000        0x0 c:/program files (x86)/atmel/atmel toolchain/avr8 gcc/native/3.4.1061/avr8-gnu-toolchain/bin/../lib/gcc/avr/4.8.1/../../../../avr/lib/avrxmega6\libm.a(fp_zero.o)
 .bss           0x00000000        0x0 c:/program files (x86)/atmel/atmel toolchain/avr8 gcc/native/3.4.1061/avr8-gnu-toolchain/bin/../lib/gcc/avr/4.8.1/../../../../avr/lib/avrxmega6\libm.a(fp_zero.o)
 .text          0x00000000        0x0 c:/program files (x86)/atmel/atmel toolchain/avr8 gcc/native/3.4.1061/avr8-gnu-toolchain/bin/../lib/gcc/avr/4.8.1/../../../../avr/lib/avrxmega6\libm.a(mulsf3.o)
 .data          0x00000000        0x0 c:/program files (x86)/atmel/atmel toolchain/avr8 gcc/native/3.4.1061/avr8-gnu-toolchain/bin/../lib/gcc/avr/4.8.1/../../../../avr/lib/avrxmega6\libm.a(mulsf3.o)
 .bss           0x00000000        0x0 c:/program files (x86)/atmel/atmel toolchain/avr8 gcc/native/3.4.1061/avr8-gnu-toolchain/bin/../lib/gcc/avr/4.8.1/../../../../avr/lib/avrxmega6\libm.a(mulsf3.o)
 .text          0x00000000        0x0 c:/program files (x86)/atmel/atmel toolchain/avr8 gcc/native/3.4.1061/avr8-gnu-toolchain/bin/../lib/gcc/avr/4.8.1/../../../../avr/lib/avrxmega6\libm.a(mulsf3x.o)
 .data          0x00000000        0x0 c:/program files (x86)/atmel/atmel toolchain/avr8 gcc/native/3.4.1061/avr8-gnu-toolchain/bin/../lib/gcc/avr/4.8.1/../../../../avr/lib/avrxmega6\libm.a(mulsf3x.o)
 .bss           0x00000000        0x0 c:/program files (x86)/atmel/atmel toolchain/avr8 gcc/native/3.4.1061/avr8-gnu-toolchain/bin/../lib/gcc/avr/4.8.1/../../../../avr/lib/avrxmega6\libm.a(mulsf3x.o)
 .text          0x00000000        0x0 c:/program files (x86)/atmel/atmel toolchain/avr8 gcc/native/3.4.1061/avr8-gnu-toolchain/bin/../lib/gcc/avr/4.8.1/avrxmega6\libgcc.a(_exit.o)
 .data          0x00000000        0x0 c:/program files (x86)/atmel/atmel toolchain/avr8 gcc/native/3.4.1061/avr8-gnu-toolchain/bin/../lib/gcc/avr/4.8.1/avrxmega6\libgcc.a(_exit.o)
 .bss           0x00000000        0x0 c:/program files (x86)/atmel/atmel toolchain/avr8 gcc/native/3.4.1061/avr8-gnu-toolchain/bin/../lib/gcc/avr/4.8.1/avrxmega6\libgcc.a(_exit.o)
 .text.libgcc.mul
                0x00000000        0x0 c:/program files (x86)/atmel/atmel toolchain/avr8 gcc/native/3.4.1061/avr8-gnu-toolchain/bin/../lib/gcc/avr/4.8.1/avrxmega6\libgcc.a(_exit.o)
 .text.libgcc.div
                0x00000000        0x0 c:/program files (x86)/atmel/atmel toolchain/avr8 gcc/native/3.4.1061/avr8-gnu-toolchain/bin/../lib/gcc/avr/4.8.1/avrxmega6\libgcc.a(_exit.o)
 .text.libgcc   0x00000000        0x0 c:/program files (x86)/atmel/atmel toolchain/avr8 gcc/native/3.4.1061/avr8-gnu-toolchain/bin/../lib/gcc/avr/4.8.1/avrxmega6\libgcc.a(_exit.o)
 .text.libgcc.prologue
                0x00000000        0x0 c:/program files (x86)/atmel/atmel toolchain/avr8 gcc/native/3.4.1061/avr8-gnu-toolchain/bin/../lib/gcc/avr/4.8.1/avrxmega6\libgcc.a(_exit.o)
 .text.libgcc.builtins
                0x00000000        0x0 c:/program files (x86)/atmel/atmel toolchain/avr8 gcc/native/3.4.1061/avr8-gnu-toolchain/bin/../lib/gcc/avr/4.8.1/avrxmega6\libgcc.a(_exit.o)
 .text.libgcc.fmul
                0x00000000        0x0 c:/program files (x86)/atmel/atmel toolchain/avr8 gcc/native/3.4.1061/avr8-gnu-toolchain/bin/../lib/gcc/avr/4.8.1/avrxmega6\libgcc.a(_exit.o)
 .text.libgcc.fixed
                0x00000000        0x0 c:/program files (x86)/atmel/atmel toolchain/avr8 gcc/native/3.4.1061/avr8-gnu-toolchain/bin/../lib/gcc/avr/4.8.1/avrxmega6\libgcc.a(_exit.o)
 .text          0x00000000        0x0 c:/program files (x86)/atmel/atmel toolchain/avr8 gcc/native/3.4.1061/avr8-gnu-toolchain/bin/../lib/gcc/avr/4.8.1/avrxmega6\libgcc.a(_clear_bss.o)
 .data          0x00000000        0x0 c:/program files (x86)/atmel/atmel toolchain/avr8 gcc/native/3.4.1061/avr8-gnu-toolchain/bin/../lib/gcc/avr/4.8.1/avrxmega6\libgcc.a(_clear_bss.o)
 .bss           0x00000000        0x0 c:/program files (x86)/atmel/atmel toolchain/avr8 gcc/native/3.4.1061/avr8-gnu-toolchain/bin/../lib/gcc/avr/4.8.1/avrxmega6\libgcc.a(_clear_bss.o)
 .text.libgcc.mul
                0x00000000        0x0 c:/program files (x86)/atmel/atmel toolchain/avr8 gcc/native/3.4.1061/avr8-gnu-toolchain/bin/../lib/gcc/avr/4.8.1/avrxmega6\libgcc.a(_clear_bss.o)
 .text.libgcc.div
                0x00000000        0x0 c:/program files (x86)/atmel/atmel toolchain/avr8 gcc/native/3.4.1061/avr8-gnu-toolchain/bin/../lib/gcc/avr/4.8.1/avrxmega6\libgcc.a(_clear_bss.o)
 .text.libgcc   0x00000000        0x0 c:/program files (x86)/atmel/atmel toolchain/avr8 gcc/native/3.4.1061/avr8-gnu-toolchain/bin/../lib/gcc/avr/4.8.1/avrxmega6\libgcc.a(_clear_bss.o)
 .text.libgcc.prologue
                0x00000000        0x0 c:/program files (x86)/atmel/atmel toolchain/avr8 gcc/native/3.4.1061/avr8-gnu-toolchain/bin/../lib/gcc/avr/4.8.1/avrxmega6\libgcc.a(_clear_bss.o)
 .text.libgcc.builtins
                0x00000000        0x0 c:/program files (x86)/atmel/atmel toolchain/avr8 gcc/native/3.4.1061/avr8-gnu-toolchain/bin/../lib/gcc/avr/4.8.1/avrxmega6\libgcc.a(_clear_bss.o)
 .text.libgcc.fmul
                0x00000000        0x0 c:/program files (x86)/atmel/atmel toolchain/avr8 gcc/native/3.4.1061/avr8-gnu-toolchain/bin/../lib/gcc/avr/4.8.1/avrxmega6\libgcc.a(_clear_bss.o)
 .text.libgcc.fixed
                0x00000000        0x0 c:/program files (x86)/atmel/atmel toolchain/avr8 gcc/native/3.4.1061/avr8-gnu-toolchain/bin/../lib/gcc/avr/4.8.1/avrxmega6\libgcc.a(_clear_bss.o)
 .text          0x00000000        0x0 c:/program files (x86)/atmel/atmel toolchain/avr8 gcc/native/3.4.1061/avr8-gnu-toolchain/bin/../lib/gcc/avr/4.8.1/avrxmega6\libgcc.a(_ctors.o)
 .data          0x00000000        0x0 c:/program files (x86)/atmel/atmel toolchain/avr8 gcc/native/3.4.1061/avr8-gnu-toolchain/bin/../lib/gcc/avr/4.8.1/avrxmega6\libgcc.a(_ctors.o)
 .bss           0x00000000        0x0 c:/program files (x86)/atmel/atmel toolchain/avr8 gcc/native/3.4.1061/avr8-gnu-toolchain/bin/../lib/gcc/avr/4.8.1/avrxmega6\libgcc.a(_ctors.o)
 .text.libgcc.mul
                0x00000000        0x0 c:/program files (x86)/atmel/atmel toolchain/avr8 gcc/native/3.4.1061/avr8-gnu-toolchain/bin/../lib/gcc/avr/4.8.1/avrxmega6\libgcc.a(_ctors.o)
 .text.libgcc.div
                0x00000000        0x0 c:/program files (x86)/atmel/atmel toolchain/avr8 gcc/native/3.4.1061/avr8-gnu-toolchain/bin/../lib/gcc/avr/4.8.1/avrxmega6\libgcc.a(_ctors.o)
 .text.libgcc   0x00000000        0x0 c:/program files (x86)/atmel/atmel toolchain/avr8 gcc/native/3.4.1061/avr8-gnu-toolchain/bin/../lib/gcc/avr/4.8.1/avrxmega6\libgcc.a(_ctors.o)
 .text.libgcc.prologue
                0x00000000        0x0 c:/program files (x86)/atmel/atmel toolchain/avr8 gcc/native/3.4.1061/avr8-gnu-toolchain/bin/../lib/gcc/avr/4.8.1/avrxmega6\libgcc.a(_ctors.o)
 .text.libgcc.builtins
                0x00000000        0x0 c:/program files (x86)/atmel/atmel toolchain/avr8 gcc/native/3.4.1061/avr8-gnu-toolchain/bin/../lib/gcc/avr/4.8.1/avrxmega6\libgcc.a(_ctors.o)
 .text.libgcc.fmul
                0x00000000        0x0 c:/program files (x86)/atmel/atmel toolchain/avr8 gcc/native/3.4.1061/avr8-gnu-toolchain/bin/../lib/gcc/avr/4.8.1/avrxmega6\libgcc.a(_ctors.o)
 .text.libgcc.fixed
                0x00000000        0x0 c:/program files (x86)/atmel/atmel toolchain/avr8 gcc/native/3.4.1061/avr8-gnu-toolchain/bin/../lib/gcc/avr/4.8.1/avrxmega6\libgcc.a(_ctors.o)
 .text          0x00000000        0x0 c:/program files (x86)/atmel/atmel toolchain/avr8 gcc/native/3.4.1061/avr8-gnu-toolchain/bin/../lib/gcc/avr/4.8.1/avrxmega6\libgcc.a(_tablejump_elpm.o)
 .data          0x00000000        0x0 c:/program files (x86)/atmel/atmel toolchain/avr8 gcc/native/3.4.1061/avr8-gnu-toolchain/bin/../lib/gcc/avr/4.8.1/avrxmega6\libgcc.a(_tablejump_elpm.o)
 .bss           0x00000000        0x0 c:/program files (x86)/atmel/atmel toolchain/avr8 gcc/native/3.4.1061/avr8-gnu-toolchain/bin/../lib/gcc/avr/4.8.1/avrxmega6\libgcc.a(_tablejump_elpm.o)
 .text.libgcc.mul
                0x00000000        0x0 c:/program files (x86)/atmel/atmel toolchain/avr8 gcc/native/3.4.1061/avr8-gnu-toolchain/bin/../lib/gcc/avr/4.8.1/avrxmega6\libgcc.a(_tablejump_elpm.o)
 .text.libgcc.div
                0x00000000        0x0 c:/program files (x86)/atmel/atmel toolchain/avr8 gcc/native/3.4.1061/avr8-gnu-toolchain/bin/../lib/gcc/avr/4.8.1/avrxmega6\libgcc.a(_tablejump_elpm.o)
 .text.libgcc.prologue
                0x00000000        0x0 c:/program files (x86)/atmel/atmel toolchain/avr8 gcc/native/3.4.1061/avr8-gnu-toolchain/bin/../lib/gcc/avr/4.8.1/avrxmega6\libgcc.a(_tablejump_elpm.o)
 .text.libgcc.builtins
                0x00000000        0x0 c:/program files (x86)/atmel/atmel toolchain/avr8 gcc/native/3.4.1061/avr8-gnu-toolchain/bin/../lib/gcc/avr/4.8.1/avrxmega6\libgcc.a(_tablejump_elpm.o)
 .text.libgcc.fmul
                0x00000000        0x0 c:/program files (x86)/atmel/atmel toolchain/avr8 gcc/native/3.4.1061/avr8-gnu-toolchain/bin/../lib/gcc/avr/4.8.1/avrxmega6\libgcc.a(_tablejump_elpm.o)
 .text.libgcc.fixed
                0x00000000        0x0 c:/program files (x86)/atmel/atmel toolchain/avr8 gcc/native/3.4.1061/avr8-gnu-toolchain/bin/../lib/gcc/avr/4.8.1/avrxmega6\libgcc.a(_tablejump_elpm.o)

Memory Configuration

Name             Origin             Length             Attributes
text             0x00000000         0x00100000         xr
data             0x00802000         0x0000ffa0         rw !x
eeprom           0x00810000         0x00010000         rw !x
fuse             0x00820000         0x00000400         rw !x
lock             0x00830000         0x00000400         rw !x
signature        0x00840000         0x00000400         rw !x
user_signatures  0x00850000         0x00000400         rw !x
*default*        0x00000000         0xffffffff

Linker script and memory map

LOAD c:/program files (x86)/atmel/atmel toolchain/avr8 gcc/native/3.4.1061/avr8-gnu-toolchain/bin/../lib/gcc/avr/4.8.1/../../../../avr/lib/avrxmega6/crtx192a3.o
LOAD Audio/VolumeControl.o
LOAD Devices/MCP3426.o
LOAD Devices/PGA4311.o
LOAD Events.o
LOAD IO/AnalogIndicator.o
LOAD IO/Debug.o
LOAD IO/Encoder.o
LOAD IO/PowerControl.o
LOAD IO/InputSelector.o
LOAD LUFA/Drivers/Peripheral/XMEGA/TWI_XMEGA.o
LOAD Monitor/PowerSupplyMonitor.o
LOAD MusicAmp.o
LOAD Tools/Timer.o
LOAD Tools/Switch.o
START GROUP
LOAD c:/program files (x86)/atmel/atmel toolchain/avr8 gcc/native/3.4.1061/avr8-gnu-toolchain/bin/../lib/gcc/avr/4.8.1/../../../../avr/lib/avrxmega6\libm.a
END GROUP
LOAD c:/program files (x86)/atmel/atmel toolchain/avr8 gcc/native/3.4.1061/avr8-gnu-toolchain/bin/../lib/gcc/avr/4.8.1/avrxmega6\libgcc.a
LOAD c:/program files (x86)/atmel/atmel toolchain/avr8 gcc/native/3.4.1061/avr8-gnu-toolchain/bin/../lib/gcc/avr/4.8.1/../../../../avr/lib/avrxmega6\libm.a
START GROUP
LOAD c:/program files (x86)/atmel/atmel toolchain/avr8 gcc/native/3.4.1061/avr8-gnu-toolchain/bin/../lib/gcc/avr/4.8.1/avrxmega6\libgcc.a
LOAD c:/program files (x86)/atmel/atmel toolchain/avr8 gcc/native/3.4.1061/avr8-gnu-toolchain/bin/../lib/gcc/avr/4.8.1/../../../../avr/lib/avrxmega6\libm.a
LOAD c:/program files (x86)/atmel/atmel toolchain/avr8 gcc/native/3.4.1061/avr8-gnu-toolchain/bin/../lib/gcc/avr/4.8.1/../../../../avr/lib/avrxmega6\libc.a
END GROUP

.hash
 *(.hash)

.dynsym
 *(.dynsym)

.dynstr
 *(.dynstr)

.gnu.version
 *(.gnu.version)

.gnu.version_d
 *(.gnu.version_d)

.gnu.version_r
 *(.gnu.version_r)

.rel.init
 *(.rel.init)

.rela.init
 *(.rela.init)

.rel.text
 *(.rel.text)
 *(.rel.text.*)
 *(.rel.gnu.linkonce.t*)

.rela.text
 *(.rela.text)
 *(.rela.text.*)
 *(.rela.gnu.linkonce.t*)

.rel.fini
 *(.rel.fini)

.rela.fini
 *(.rela.fini)

.rel.rodata
 *(.rel.rodata)
 *(.rel.rodata.*)
 *(.rel.gnu.linkonce.r*)

.rela.rodata
 *(.rela.rodata)
 *(.rela.rodata.*)
 *(.rela.gnu.linkonce.r*)

.rel.data
 *(.rel.data)
 *(.rel.data.*)
 *(.rel.gnu.linkonce.d*)

.rela.data
 *(.rela.data)
 *(.rela.data.*)
 *(.rela.gnu.linkonce.d*)

.rel.ctors
 *(.rel.ctors)

.rela.ctors
 *(.rela.ctors)

.rel.dtors
 *(.rel.dtors)

.rela.dtors
 *(.rela.dtors)

.rel.got
 *(.rel.got)

.rela.got
 *(.rela.got)

.rel.bss
 *(.rel.bss)

.rela.bss
 *(.rela.bss)

.rel.plt
 *(.rel.plt)

.rela.plt
 *(.rela.plt)

.text           0x00000000     0x12ca
 *(.vectors)
 .vectors       0x00000000      0x1e8 c:/program files (x86)/atmel/atmel toolchain/avr8 gcc/native/3.4.1061/avr8-gnu-toolchain/bin/../lib/gcc/avr/4.8.1/../../../../avr/lib/avrxmega6/crtx192a3.o
                0x00000000                __vector_default
                0x00000000                __vectors
 *(.vectors)
 *(.progmem.gcc*)
                0x000001e8                . = ALIGN (0x2)
                0x000001e8                __trampolines_start = .
 *(.trampolines)
 .trampolines   0x000001e8        0x0 linker stubs
 *(.trampolines*)
                0x000001e8                __trampolines_end = .
 *(.progmem*)
                0x000001e8                . = ALIGN (0x2)
 *(.jumptables)
 *(.jumptables*)
 *(.lowtext)
 *(.lowtext*)
                0x000001e8                __ctors_start = .
 *(.ctors)
 .ctors         0x000001e8        0x2 MusicAmp.o
                0x000001ea                __ctors_end = .
                0x000001ea                __dtors_start = .
 *(.dtors)
                0x000001ea                __dtors_end = .
 SORT(*)(.ctors)
 SORT(*)(.dtors)
 *(.init0)
 .init0         0x000001ea        0x0 c:/program files (x86)/atmel/atmel toolchain/avr8 gcc/native/3.4.1061/avr8-gnu-toolchain/bin/../lib/gcc/avr/4.8.1/../../../../avr/lib/avrxmega6/crtx192a3.o
                0x000001ea                __init
 *(.init0)
 *(.init1)
 *(.init1)
 *(.init2)
 .init2         0x000001ea       0x10 c:/program files (x86)/atmel/atmel toolchain/avr8 gcc/native/3.4.1061/avr8-gnu-toolchain/bin/../lib/gcc/avr/4.8.1/../../../../avr/lib/avrxmega6/crtx192a3.o
 *(.init2)
 *(.init3)
 *(.init3)
 *(.init4)
 .init4         0x000001fa       0x10 c:/program files (x86)/atmel/atmel toolchain/avr8 gcc/native/3.4.1061/avr8-gnu-toolchain/bin/../lib/gcc/avr/4.8.1/avrxmega6\libgcc.a(_clear_bss.o)
                0x000001fa                __do_clear_bss
 *(.init4)
 *(.init5)
 *(.init5)
 *(.init6)
 .init6         0x0000020a       0x20 c:/program files (x86)/atmel/atmel toolchain/avr8 gcc/native/3.4.1061/avr8-gnu-toolchain/bin/../lib/gcc/avr/4.8.1/avrxmega6\libgcc.a(_ctors.o)
                0x0000020a                __do_global_ctors
 *(.init6)
 *(.init7)
 *(.init7)
 *(.init8)
 *(.init8)
 *(.init9)
 .init9         0x0000022a        0x6 c:/program files (x86)/atmel/atmel toolchain/avr8 gcc/native/3.4.1061/avr8-gnu-toolchain/bin/../lib/gcc/avr/4.8.1/../../../../avr/lib/avrxmega6/crtx192a3.o
 *(.init9)
 *(.text)
 .text          0x00000230        0x2 c:/program files (x86)/atmel/atmel toolchain/avr8 gcc/native/3.4.1061/avr8-gnu-toolchain/bin/../lib/gcc/avr/4.8.1/../../../../avr/lib/avrxmega6/crtx192a3.o
                0x00000230                __vector_38
                0x00000230                __vector_104
                0x00000230                __vector_63
                0x00000230                __vector_28
                0x00000230                __vector_67
                0x00000230                __vector_1
                0x00000230                __vector_119
                0x00000230                __vector_32
                0x00000230                __vector_75
                0x00000230                __vector_71
                0x00000230                __vector_91
                0x00000230                __vector_34
                0x00000230                __vector_62
                0x00000230                __vector_102
                0x00000230                __vector_24
                0x00000230                __vector_12
                0x00000230                __vector_55
                0x00000230                __vector_69
                0x00000230                __vector_81
                0x00000230                __vector_90
                0x00000230                __vector_46
                0x00000230                __bad_interrupt
                0x00000230                __vector_72
                0x00000230                __vector_114
                0x00000230                __vector_6
                0x00000230                __vector_110
                0x00000230                __vector_31
                0x00000230                __vector_92
                0x00000230                __vector_35
                0x00000230                __vector_78
                0x00000230                __vector_74
                0x00000230                __vector_117
                0x00000230                __vector_39
                0x00000230                __vector_107
                0x00000230                __vector_3
                0x00000230                __vector_105
                0x00000230                __vector_98
                0x00000230                __vector_23
                0x00000230                __vector_68
                0x00000230                __vector_30
                0x00000230                __vector_73
                0x00000230                __vector_45
                0x00000230                __vector_25
                0x00000230                __vector_93
                0x00000230                __vector_61
                0x00000230                __vector_11
                0x00000230                __vector_54
                0x00000230                __vector_99
                0x00000230                __vector_13
                0x00000230                __vector_17
                0x00000230                __vector_19
                0x00000230                __vector_56
                0x00000230                __vector_7
                0x00000230                __vector_49
                0x00000230                __vector_41
                0x00000230                __vector_86
                0x00000230                __vector_100
                0x00000230                __vector_101
                0x00000230                __vector_64
                0x00000230                __vector_88
                0x00000230                __vector_109
                0x00000230                __vector_43
                0x00000230                __vector_27
                0x00000230                __vector_5
                0x00000230                __vector_113
                0x00000230                __vector_33
                0x00000230                __vector_76
                0x00000230                __vector_115
                0x00000230                __vector_47
                0x00000230                __vector_52
                0x00000230                __vector_37
                0x00000230                __vector_95
                0x00000230                __vector_103
                0x00000230                __vector_96
                0x00000230                __vector_89
                0x00000230                __vector_108
                0x00000230                __vector_4
                0x00000230                __vector_44
                0x00000230                __vector_82
                0x00000230                __vector_106
                0x00000230                __vector_118
                0x00000230                __vector_51
                0x00000230                __vector_9
                0x00000230                __vector_21
                0x00000230                __vector_15
                0x00000230                __vector_36
                0x00000230                __vector_79
                0x00000230                __vector_58
                0x00000230                __vector_70
                0x00000230                __vector_29
                0x00000230                __vector_60
                0x00000230                __vector_121
                0x00000230                __vector_40
                0x00000230                __vector_94
                0x00000230                __vector_8
                0x00000230                __vector_26
                0x00000230                __vector_48
                0x00000230                __vector_116
                0x00000230                __vector_112
                0x00000230                __vector_111
                0x00000230                __vector_80
                0x00000230                __vector_84
                0x00000230                __vector_57
                0x00000230                __vector_53
                0x00000230                __vector_10
                0x00000230                __vector_50
                0x00000230                __vector_16
                0x00000230                __vector_59
                0x00000230                __vector_18
                0x00000230                __vector_97
                0x00000230                __vector_42
                0x00000230                __vector_87
                0x00000230                __vector_65
                0x00000230                __vector_120
                0x00000232                . = ALIGN (0x2)
 *(.text.*)
 .text._ZN13VolumeControl4initEv
                0x00000232        0xc Audio/VolumeControl.o
                0x00000232                _ZN13VolumeControl4initEv
 .text._ZN13VolumeControl9setVolumeEhh
                0x0000023e       0x58 Audio/VolumeControl.o
                0x0000023e                _ZN13VolumeControl9setVolumeEhh
 .text._ZN13VolumeControl11stepAudioUpEv
                0x00000296       0x14 Audio/VolumeControl.o
                0x00000296                _ZN13VolumeControl11stepAudioUpEv
 .text._ZN13VolumeControl13stepAudioDownEv
                0x000002aa       0x14 Audio/VolumeControl.o
                0x000002aa                _ZN13VolumeControl13stepAudioDownEv
 .text._ZN13VolumeControl10stepBassUpEv
                0x000002be       0x16 Audio/VolumeControl.o
                0x000002be                _ZN13VolumeControl10stepBassUpEv
 .text._ZN13VolumeControl12stepBassDownEv
                0x000002d4       0x16 Audio/VolumeControl.o
                0x000002d4                _ZN13VolumeControl12stepBassDownEv
 .text._ZN13VolumeControl21getCurrentAudioVolumeEv
                0x000002ea        0x6 Audio/VolumeControl.o
                0x000002ea                _ZN13VolumeControl21getCurrentAudioVolumeEv
 .text._ZN13VolumeControl20getCurrentBassVolumeEv
                0x000002f0        0x6 Audio/VolumeControl.o
                0x000002f0                _ZN13VolumeControl20getCurrentBassVolumeEv
 .text._ZN13VolumeControl4muteEv
                0x000002f6        0xa Audio/VolumeControl.o
                0x000002f6                _ZN13VolumeControl4muteEv
 .text._ZN13VolumeControl6unmuteEv
                0x00000300       0x12 Audio/VolumeControl.o
                0x00000300                _ZN13VolumeControl6unmuteEv
 .text._ZN7MCP34264initEv
                0x00000312       0x18 Devices/MCP3426.o
                0x00000312                _ZN7MCP34264initEv
 .text._ZN7MCP34264readEPjS0_
                0x0000032a      0x116 Devices/MCP3426.o
                0x0000032a                _ZN7MCP34264readEPjS0_
 .text._ZN7PGA43114initEv
                0x00000440       0x28 Devices/PGA4311.o
                0x00000440                _ZN7PGA43114initEv
 .text._ZN7PGA43119setVolumeEhhhh
                0x00000468       0x64 Devices/PGA4311.o
                0x00000468                _ZN7PGA43119setVolumeEhhhh
 .text._ZN6Events9setStatusEh
                0x000004cc        0x6 Events.o
                0x000004cc                _ZN6Events9setStatusEh
 .text._ZN6Events9getStatusEv
                0x000004d2       0x1e Events.o
                0x000004d2                _ZN6Events9getStatusEv
 .text._ZN15AnalogIndicator4initEv
                0x000004f0       0x3a IO/AnalogIndicator.o
                0x000004f0                _ZN15AnalogIndicator4initEv
 .text._ZN15AnalogIndicator15setPercentValueEh
                0x0000052a       0x32 IO/AnalogIndicator.o
                0x0000052a                _ZN15AnalogIndicator15setPercentValueEh
 .text._ZN15AnalogIndicator15setPercentValueEf
                0x0000055c       0x2e IO/AnalogIndicator.o
                0x0000055c                _ZN15AnalogIndicator15setPercentValueEf
 .text._ZN5Debug4initEv
                0x0000058a        0xc IO/Debug.o
                0x0000058a                _ZN5Debug4initEv
 .text._ZN5Debug9toggleLedEv
                0x00000596        0xa IO/Debug.o
                0x00000596                _ZN5Debug9toggleLedEv
 .text._ZN5Debug5blinkEh
                0x000005a0       0x48 IO/Debug.o
                0x000005a0                _ZN5Debug5blinkEh
 .text._ZN7Encoder9InitTimerEv
                0x000005e8       0x44 IO/Encoder.o
                0x000005e8                _ZN7Encoder9InitTimerEv
 .text._ZN7Encoder8InitMainEv
                0x0000062c       0x32 IO/Encoder.o
                0x0000062c                _ZN7Encoder8InitMainEv
 .text._ZN7Encoder13InitSecondaryEv
                0x0000065e       0x32 IO/Encoder.o
                0x0000065e                _ZN7Encoder13InitSecondaryEv
 .text._ZN12PowerControl4initEv
                0x00000690       0x14 IO/PowerControl.o
                0x00000690                _ZN12PowerControl4initEv
 .text._ZN12PowerControl11enablePowerEv
                0x000006a4        0xa IO/PowerControl.o
                0x000006a4                _ZN12PowerControl11enablePowerEv
 .text._ZN12PowerControl12disablePowerEv
                0x000006ae        0xa IO/PowerControl.o
                0x000006ae                _ZN12PowerControl12disablePowerEv
 .text._ZN12PowerControl11enableLightEv
                0x000006b8        0xa IO/PowerControl.o
                0x000006b8                _ZN12PowerControl11enableLightEv
 .text._ZN12PowerControl12disableLightEv
                0x000006c2        0xa IO/PowerControl.o
                0x000006c2                _ZN12PowerControl12disableLightEv
 .text._ZN13InputSelector4initEv
                0x000006cc       0x10 IO/InputSelector.o
                0x000006cc                _ZN13InputSelector4initEv
 .text.TWI_StartTransmission
                0x000006dc       0x5e LUFA/Drivers/Peripheral/XMEGA/TWI_XMEGA.o
                0x000006dc                TWI_StartTransmission
 .text.TWI_SendByte
                0x0000073a       0x22 LUFA/Drivers/Peripheral/XMEGA/TWI_XMEGA.o
                0x0000073a                TWI_SendByte
 .text.TWI_ReceiveByte
                0x0000075c       0x2e LUFA/Drivers/Peripheral/XMEGA/TWI_XMEGA.o
                0x0000075c                TWI_ReceiveByte
 .text.TWI_ReadPacket
                0x0000078a       0xb4 LUFA/Drivers/Peripheral/XMEGA/TWI_XMEGA.o
                0x0000078a                TWI_ReadPacket
 .text.TWI_WritePacket
                0x0000083e       0x80 LUFA/Drivers/Peripheral/XMEGA/TWI_XMEGA.o
                0x0000083e                TWI_WritePacket
 .text._ZN18PowerSupplyMonitor4initEv
                0x000008be        0x4 Monitor/PowerSupplyMonitor.o
                0x000008be                _ZN18PowerSupplyMonitor4initEv
 .text._ZN18PowerSupplyMonitor14readPowerValueEPf
                0x000008c2       0x94 Monitor/PowerSupplyMonitor.o
                0x000008c2                _ZN18PowerSupplyMonitor14readPowerValueEPf
 .text.__vector_22
                0x00000956       0x60 MusicAmp.o
                0x00000956                __vector_22
 .text.__vector_20
                0x000009b6       0x60 MusicAmp.o
                0x000009b6                __vector_20
 .text.__vector_85
                0x00000a16       0x60 MusicAmp.o
                0x00000a16                __vector_85
 .text.__vector_83
                0x00000a76       0x60 MusicAmp.o
                0x00000a76                __vector_83
 .text.__vector_77
                0x00000ad6       0x9a MusicAmp.o
                0x00000ad6                __vector_77
 .text._Z22processSwitchInterruptv
                0x00000b70       0x14 MusicAmp.o
                0x00000b70                _Z22processSwitchInterruptv
 .text.__vector_66
                0x00000b84       0x78 MusicAmp.o
                0x00000b84                __vector_66
 .text._Z21processTimerInterruptv
                0x00000bfc       0x28 MusicAmp.o
                0x00000bfc                _Z21processTimerInterruptv
 .text.__vector_14
                0x00000c24       0x4e MusicAmp.o
                0x00000c24                __vector_14
 .text.main     0x00000c72      0x12a MusicAmp.o
                0x00000c72                main
 .text._Z6turnOnv
                0x00000d9c       0x34 MusicAmp.o
                0x00000d9c                _Z6turnOnv
 .text._Z7turnOffv
                0x00000dd0       0x1c MusicAmp.o
                0x00000dd0                _Z7turnOffv
 .text.__vector_2
                0x00000dec       0x68 MusicAmp.o
                0x00000dec                __vector_2
 .text._GLOBAL__sub_I_debug
                0x00000e54       0xd0 MusicAmp.o
 .text._ZN5Timer4initEv
                0x00000f24       0x1e Tools/Timer.o
                0x00000f24                _ZN5Timer4initEv
 .text._ZN5Timer6enableEv
                0x00000f42        0xc Tools/Timer.o
                0x00000f42                _ZN5Timer6enableEv
 .text._ZN5Timer7disableEv
                0x00000f4e        0xa Tools/Timer.o
                0x00000f4e                _ZN5Timer7disableEv
 .text._ZN15InterruptSwitch15enableInterruptEv
                0x00000f58       0x14 Tools/Switch.o
                0x00000f58                _ZN15InterruptSwitch15enableInterruptEv
 .text._ZN15InterruptSwitch4initEv
                0x00000f6c       0x24 Tools/Switch.o
                0x00000f6c                _ZN15InterruptSwitch4initEv
 .text._ZN15InterruptSwitch16disableInterruptEv
                0x00000f90        0xa Tools/Switch.o
                0x00000f90                _ZN15InterruptSwitch16disableInterruptEv
 .text._ZN15InterruptSwitch4isUpEv
                0x00000f9a       0x1a Tools/Switch.o
                0x00000f9a                _ZN15InterruptSwitch4isUpEv
 .text.avr-libc.fplib
                0x00000fb4        0x4 c:/program files (x86)/atmel/atmel toolchain/avr8 gcc/native/3.4.1061/avr8-gnu-toolchain/bin/../lib/gcc/avr/4.8.1/../../../../avr/lib/avrxmega6\libm.a(divsf3.o)
                0x00000fb4                __divsf3
 .text.avr-libc.fplib
                0x00000fb8       0xcc c:/program files (x86)/atmel/atmel toolchain/avr8 gcc/native/3.4.1061/avr8-gnu-toolchain/bin/../lib/gcc/avr/4.8.1/../../../../avr/lib/avrxmega6\libm.a(divsf3x.o)
                0x00000fce                __divsf3x
                0x00000fd2                __divsf3_pse
 .text.avr-libc.fplib
                0x00001084       0x58 c:/program files (x86)/atmel/atmel toolchain/avr8 gcc/native/3.4.1061/avr8-gnu-toolchain/bin/../lib/gcc/avr/4.8.1/../../../../avr/lib/avrxmega6\libm.a(fixunssfsi.o)
                0x00001084                __fixunssfsi
 .text.avr-libc.fplib
                0x000010dc       0x7a c:/program files (x86)/atmel/atmel toolchain/avr8 gcc/native/3.4.1061/avr8-gnu-toolchain/bin/../lib/gcc/avr/4.8.1/../../../../avr/lib/avrxmega6\libm.a(floatsisf.o)
                0x000010dc                __floatunsisf
                0x000010e0                __floatsisf
 .text.avr-libc.fplib
                0x00001156        0xc c:/program files (x86)/atmel/atmel toolchain/avr8 gcc/native/3.4.1061/avr8-gnu-toolchain/bin/../lib/gcc/avr/4.8.1/../../../../avr/lib/avrxmega6\libm.a(fp_inf.o)
                0x00001156                __fp_inf
 .text.avr-libc.fplib
                0x00001162        0x6 c:/program files (x86)/atmel/atmel toolchain/avr8 gcc/native/3.4.1061/avr8-gnu-toolchain/bin/../lib/gcc/avr/4.8.1/../../../../avr/lib/avrxmega6\libm.a(fp_nan.o)
                0x00001162                __fp_nan
 .text.avr-libc.fplib
                0x00001168        0xe c:/program files (x86)/atmel/atmel toolchain/avr8 gcc/native/3.4.1061/avr8-gnu-toolchain/bin/../lib/gcc/avr/4.8.1/../../../../avr/lib/avrxmega6\libm.a(fp_pscA.o)
                0x00001168                __fp_pscA
 .text.avr-libc.fplib
                0x00001176        0xe c:/program files (x86)/atmel/atmel toolchain/avr8 gcc/native/3.4.1061/avr8-gnu-toolchain/bin/../lib/gcc/avr/4.8.1/../../../../avr/lib/avrxmega6\libm.a(fp_pscB.o)
                0x00001176                __fp_pscB
 .text.avr-libc.fplib
                0x00001184       0x22 c:/program files (x86)/atmel/atmel toolchain/avr8 gcc/native/3.4.1061/avr8-gnu-toolchain/bin/../lib/gcc/avr/4.8.1/../../../../avr/lib/avrxmega6\libm.a(fp_round.o)
                0x00001184                __fp_round
 .text.avr-libc.fplib
                0x000011a6       0x44 c:/program files (x86)/atmel/atmel toolchain/avr8 gcc/native/3.4.1061/avr8-gnu-toolchain/bin/../lib/gcc/avr/4.8.1/../../../../avr/lib/avrxmega6\libm.a(fp_split3.o)
                0x000011a6                __fp_split3
                0x000011b6                __fp_splitA
 .text.avr-libc.fplib
                0x000011ea        0xe c:/program files (x86)/atmel/atmel toolchain/avr8 gcc/native/3.4.1061/avr8-gnu-toolchain/bin/../lib/gcc/avr/4.8.1/../../../../avr/lib/avrxmega6\libm.a(fp_zero.o)
                0x000011ea                __fp_zero
                0x000011ec                __fp_szero
 .text.avr-libc.fplib
                0x000011f8        0x4 c:/program files (x86)/atmel/atmel toolchain/avr8 gcc/native/3.4.1061/avr8-gnu-toolchain/bin/../lib/gcc/avr/4.8.1/../../../../avr/lib/avrxmega6\libm.a(mulsf3.o)
                0x000011f8                __mulsf3
 .text.avr-libc.fplib
                0x000011fc       0xc2 c:/program files (x86)/atmel/atmel toolchain/avr8 gcc/native/3.4.1061/avr8-gnu-toolchain/bin/../lib/gcc/avr/4.8.1/../../../../avr/lib/avrxmega6\libm.a(mulsf3x.o)
                0x00001210                __mulsf3x
                0x00001214                __mulsf3_pse
 .text.libgcc   0x000012be        0x8 c:/program files (x86)/atmel/atmel toolchain/avr8 gcc/native/3.4.1061/avr8-gnu-toolchain/bin/../lib/gcc/avr/4.8.1/avrxmega6\libgcc.a(_tablejump_elpm.o)
                0x000012be                __tablejump_elpm__
                0x000012c6                . = ALIGN (0x2)
 *(.fini9)
 .fini9         0x000012c6        0x0 c:/program files (x86)/atmel/atmel toolchain/avr8 gcc/native/3.4.1061/avr8-gnu-toolchain/bin/../lib/gcc/avr/4.8.1/avrxmega6\libgcc.a(_exit.o)
                0x000012c6                _exit
                0x000012c6                exit
 *(.fini9)
 *(.fini8)
 *(.fini8)
 *(.fini7)
 *(.fini7)
 *(.fini6)
 *(.fini6)
 *(.fini5)
 *(.fini5)
 *(.fini4)
 *(.fini4)
 *(.fini3)
 *(.fini3)
 *(.fini2)
 *(.fini2)
 *(.fini1)
 *(.fini1)
 *(.fini0)
 .fini0         0x000012c6        0x4 c:/program files (x86)/atmel/atmel toolchain/avr8 gcc/native/3.4.1061/avr8-gnu-toolchain/bin/../lib/gcc/avr/4.8.1/avrxmega6\libgcc.a(_exit.o)
 *(.fini0)
                0x000012ca                _etext = .

.data           0x00802000        0x0 load address 0x000012ca
                0x00802000                PROVIDE (__data_start, .)
 *(.data)
 *(.data*)
 *(.rodata)
 *(.rodata*)
 *(.gnu.linkonce.d*)
                0x00802000                . = ALIGN (0x2)
                0x00802000                _edata = .
                0x00802000                PROVIDE (__data_end, .)

.bss            0x00802000       0x37
                0x00802000                PROVIDE (__bss_start, .)
 *(.bss)
 *(.bss*)
 .bss._ZZN18PowerSupplyMonitor14readPowerValueEPfE7voltage
                0x00802000        0x2 Monitor/PowerSupplyMonitor.o
 .bss._ZZN18PowerSupplyMonitor14readPowerValueEPfE7current
                0x00802002        0x2 Monitor/PowerSupplyMonitor.o
 .bss._ZZ11__vector_66E5power
                0x00802004        0x4 MusicAmp.o
 .bss._ZZ11__vector_77E5power
                0x00802008        0x4 MusicAmp.o
 .bss.turnedOn  0x0080200c        0x1 MusicAmp.o
                0x0080200c                turnedOn
 .bss.analogIndicatorMode
                0x0080200d        0x1 MusicAmp.o
                0x0080200d                analogIndicatorMode
 .bss.powerSupplyMonitor
                0x0080200e        0x5 MusicAmp.o
                0x0080200e                powerSupplyMonitor
 .bss.volumeControl
                0x00802013        0x9 MusicAmp.o
                0x00802013                volumeControl
 .bss.inputSelector
                0x0080201c        0x1 MusicAmp.o
                0x0080201c                inputSelector
 .bss.powerControl
                0x0080201d        0x5 MusicAmp.o
                0x0080201d                powerControl
 .bss.analogIndicator
                0x00802022        0x5 MusicAmp.o
                0x00802022                analogIndicator
 .bss.events    0x00802027        0x1 MusicAmp.o
                0x00802027                events
 .bss.hearbeatCounter
                0x00802028        0x2 MusicAmp.o
                0x00802028                hearbeatCounter
 .bss.heartbeat
                0x0080202a        0x4 MusicAmp.o
                0x0080202a                heartbeat
 .bss.oscillationCancellingTimer
                0x0080202e        0x4 MusicAmp.o
                0x0080202e                oscillationCancellingTimer
 .bss.debug     0x00802032        0x5 MusicAmp.o
                0x00802032                debug
 *(COMMON)
                0x00802037                PROVIDE (__bss_end, .)
                0x000012ca                __data_load_start = LOADADDR (.data)
                0x000012ca                __data_load_end = (__data_load_start + SIZEOF (.data))

.noinit         0x00802037        0x0
                0x00802037                PROVIDE (__noinit_start, .)
 *(.noinit*)
                0x00802037                PROVIDE (__noinit_end, .)
                0x00802037                _end = .
                0x00802037                PROVIDE (__heap_start, .)

.eeprom         0x00810000        0x0
 *(.eeprom*)
                0x00810000                __eeprom_end = .

.fuse
 *(.fuse)
 *(.lfuse)
 *(.hfuse)
 *(.efuse)

.lock
 *(.lock*)

.signature
 *(.signature*)

.user_signatures
 *(.user_signatures*)

.stab
 *(.stab)

.stabstr
 *(.stabstr)

.stab.excl
 *(.stab.excl)

.stab.exclstr
 *(.stab.exclstr)

.stab.index
 *(.stab.index)

.stab.indexstr
 *(.stab.indexstr)

.comment        0x00000000       0x30
 *(.comment)
 .comment       0x00000000       0x30 Audio/VolumeControl.o
                                 0x31 (size before relaxing)
 .comment       0x00000000       0x31 Devices/MCP3426.o
 .comment       0x00000000       0x31 Devices/PGA4311.o
 .comment       0x00000000       0x31 Events.o
 .comment       0x00000000       0x31 IO/AnalogIndicator.o
 .comment       0x00000000       0x31 IO/Debug.o
 .comment       0x00000000       0x31 IO/Encoder.o
 .comment       0x00000000       0x31 IO/PowerControl.o
 .comment       0x00000000       0x31 IO/InputSelector.o
 .comment       0x00000000       0x31 LUFA/Drivers/Peripheral/XMEGA/TWI_XMEGA.o
 .comment       0x00000000       0x31 Monitor/PowerSupplyMonitor.o
 .comment       0x00000000       0x31 MusicAmp.o
 .comment       0x00000000       0x31 Tools/Timer.o
 .comment       0x00000000       0x31 Tools/Switch.o

.note.gnu.build-id
 *(.note.gnu.build-id)

.debug
 *(.debug)

.line
 *(.line)

.debug_srcinfo
 *(.debug_srcinfo)

.debug_sfnames
 *(.debug_sfnames)

.debug_aranges  0x00000000      0x340
 *(.debug_aranges)
 .debug_aranges
                0x00000000       0x68 Audio/VolumeControl.o
 .debug_aranges
                0x00000068       0x28 Devices/MCP3426.o
 .debug_aranges
                0x00000090       0x28 Devices/PGA4311.o
 .debug_aranges
                0x000000b8       0x28 Events.o
 .debug_aranges
                0x000000e0       0x38 IO/AnalogIndicator.o
 .debug_aranges
                0x00000118       0x30 IO/Debug.o
 .debug_aranges
                0x00000148       0x30 IO/Encoder.o
 .debug_aranges
                0x00000178       0x40 IO/PowerControl.o
 .debug_aranges
                0x000001b8       0x28 IO/InputSelector.o
 .debug_aranges
                0x000001e0       0x40 LUFA/Drivers/Peripheral/XMEGA/TWI_XMEGA.o
 .debug_aranges
                0x00000220       0x28 Monitor/PowerSupplyMonitor.o
 .debug_aranges
                0x00000248       0x90 MusicAmp.o
 .debug_aranges
                0x000002d8       0x30 Tools/Timer.o
 .debug_aranges
                0x00000308       0x38 Tools/Switch.o

.debug_pubnames
 *(.debug_pubnames)

.debug_info     0x00000000     0x74fb
 *(.debug_info .gnu.linkonce.wi.*)
 .debug_info    0x00000000      0x73e Audio/VolumeControl.o
 .debug_info    0x0000073e      0x60d Devices/MCP3426.o
 .debug_info    0x00000d4b      0x429 Devices/PGA4311.o
 .debug_info    0x00001174      0x225 Events.o
 .debug_info    0x00001399      0x64e IO/AnalogIndicator.o
 .debug_info    0x000019e7      0x543 IO/Debug.o
 .debug_info    0x00001f2a      0xe93 IO/Encoder.o
 .debug_info    0x00002dbd      0x49d IO/PowerControl.o
 .debug_info    0x0000325a      0x2ca IO/InputSelector.o
 .debug_info    0x00003524      0x668 LUFA/Drivers/Peripheral/XMEGA/TWI_XMEGA.o
 .debug_info    0x00003b8c      0x425 Monitor/PowerSupplyMonitor.o
 .debug_info    0x00003fb1     0x28d9 MusicAmp.o
 .debug_info    0x0000688a      0x82a Tools/Timer.o
 .debug_info    0x000070b4      0x447 Tools/Switch.o

.debug_abbrev   0x00000000     0x1a47
 *(.debug_abbrev)
 .debug_abbrev  0x00000000      0x1ea Audio/VolumeControl.o
 .debug_abbrev  0x000001ea      0x277 Devices/MCP3426.o
 .debug_abbrev  0x00000461      0x179 Devices/PGA4311.o
 .debug_abbrev  0x000005da      0x184 Events.o
 .debug_abbrev  0x0000075e      0x1d5 IO/AnalogIndicator.o
 .debug_abbrev  0x00000933      0x223 IO/Debug.o
 .debug_abbrev  0x00000b56      0x1a7 IO/Encoder.o
 .debug_abbrev  0x00000cfd      0x195 IO/PowerControl.o
 .debug_abbrev  0x00000e92      0x12b IO/InputSelector.o
 .debug_abbrev  0x00000fbd      0x1f0 LUFA/Drivers/Peripheral/XMEGA/TWI_XMEGA.o
 .debug_abbrev  0x000011ad      0x1ad Monitor/PowerSupplyMonitor.o
 .debug_abbrev  0x0000135a      0x3b9 MusicAmp.o
 .debug_abbrev  0x00001713      0x19d Tools/Timer.o
 .debug_abbrev  0x000018b0      0x197 Tools/Switch.o

.debug_line     0x00000000     0x20e0
 *(.debug_line .debug_line.* .debug_line_end)
 .debug_line    0x00000000      0x2ca Audio/VolumeControl.o
 .debug_line    0x000002ca      0x282 Devices/MCP3426.o
 .debug_line    0x0000054c      0x1d5 Devices/PGA4311.o
 .debug_line    0x00000721      0x173 Events.o
 .debug_line    0x00000894      0x1c4 IO/AnalogIndicator.o
 .debug_line    0x00000a58      0x25a IO/Debug.o
 .debug_line    0x00000cb2      0x1d4 IO/Encoder.o
 .debug_line    0x00000e86      0x1c7 IO/PowerControl.o
 .debug_line    0x0000104d      0x190 IO/InputSelector.o
 .debug_line    0x000011dd      0x3b0 LUFA/Drivers/Peripheral/XMEGA/TWI_XMEGA.o
 .debug_line    0x0000158d      0x1f6 Monitor/PowerSupplyMonitor.o
 .debug_line    0x00001783      0x653 MusicAmp.o
 .debug_line    0x00001dd6      0x16d Tools/Timer.o
 .debug_line    0x00001f43      0x19d Tools/Switch.o

.debug_frame    0x00000000      0x874
 *(.debug_frame)
 .debug_frame   0x00000000       0xc8 Audio/VolumeControl.o
 .debug_frame   0x000000c8       0x88 Devices/MCP3426.o
 .debug_frame   0x00000150       0x3c Devices/PGA4311.o
 .debug_frame   0x0000018c       0x34 Events.o
 .debug_frame   0x000001c0       0x6c IO/AnalogIndicator.o
 .debug_frame   0x0000022c       0x44 IO/Debug.o
 .debug_frame   0x00000270       0x44 IO/Encoder.o
 .debug_frame   0x000002b4       0x64 IO/PowerControl.o
 .debug_frame   0x00000318       0x34 IO/InputSelector.o
 .debug_frame   0x0000034c       0xe8 LUFA/Drivers/Peripheral/XMEGA/TWI_XMEGA.o
 .debug_frame   0x00000434       0x54 Monitor/PowerSupplyMonitor.o
 .debug_frame   0x00000488      0x354 MusicAmp.o
 .debug_frame   0x000007dc       0x44 Tools/Timer.o
 .debug_frame   0x00000820       0x54 Tools/Switch.o

.debug_str      0x00000000     0x2a58
 *(.debug_str)
 .debug_str     0x00000000      0x4b5 Audio/VolumeControl.o
                                0x4f8 (size before relaxing)
 .debug_str     0x000004b5      0x2a6 Devices/MCP3426.o
                                0x444 (size before relaxing)
 .debug_str     0x0000075b      0x158 Devices/PGA4311.o
                                0x420 (size before relaxing)
 .debug_str     0x000008b3      0x177 Events.o
                                0x2f3 (size before relaxing)
 .debug_str     0x00000a2a      0x2aa IO/AnalogIndicator.o
                                0x51a (size before relaxing)
 .debug_str     0x00000cd4      0x13a IO/Debug.o
                                0x3d9 (size before relaxing)
 .debug_str     0x00000e0e     0x1454 IO/Encoder.o
                               0x1742 (size before relaxing)
 .debug_str     0x00002262       0xf5 IO/PowerControl.o
                                0x41e (size before relaxing)
 .debug_str     0x00002357       0x76 IO/InputSelector.o
                                0x2c4 (size before relaxing)
 .debug_str     0x000023cd      0x20f LUFA/Drivers/Peripheral/XMEGA/TWI_XMEGA.o
                                0x45c (size before relaxing)
 .debug_str     0x000025dc       0xac Monitor/PowerSupplyMonitor.o
                                0x3b2 (size before relaxing)
 .debug_str     0x00002688      0x349 MusicAmp.o
                               0x112b (size before relaxing)
 .debug_str     0x000029d1       0x13 Tools/Timer.o
                                0x64c (size before relaxing)
 .debug_str     0x000029e4       0x74 Tools/Switch.o
                                0x4c3 (size before relaxing)

.debug_loc      0x00000000     0x192d
 *(.debug_loc)
 .debug_loc     0x00000000      0x257 Audio/VolumeControl.o
 .debug_loc     0x00000257      0x27b Devices/MCP3426.o
 .debug_loc     0x000004d2       0xa1 Devices/PGA4311.o
 .debug_loc     0x00000573       0x28 Events.o
 .debug_loc     0x0000059b      0x13f IO/AnalogIndicator.o
 .debug_loc     0x000006da      0x121 IO/Debug.o
 .debug_loc     0x000007fb       0x82 IO/Encoder.o
 .debug_loc     0x0000087d       0xbe IO/PowerControl.o
 .debug_loc     0x0000093b       0x5e IO/InputSelector.o
 .debug_loc     0x00000999      0x674 LUFA/Drivers/Peripheral/XMEGA/TWI_XMEGA.o
 .debug_loc     0x0000100d      0x103 Monitor/PowerSupplyMonitor.o
 .debug_loc     0x00001110      0x761 MusicAmp.o
 .debug_loc     0x00001871       0x5e Tools/Timer.o
 .debug_loc     0x000018cf       0x5e Tools/Switch.o

.debug_macinfo
 *(.debug_macinfo)

.debug_weaknames
 *(.debug_weaknames)

.debug_funcnames
 *(.debug_funcnames)

.debug_typenames
 *(.debug_typenames)

.debug_varnames
 *(.debug_varnames)

.debug_pubtypes
 *(.debug_pubtypes)

.debug_ranges   0x00000000      0x290
 *(.debug_ranges)
 .debug_ranges  0x00000000       0x58 Audio/VolumeControl.o
 .debug_ranges  0x00000058       0x18 Devices/MCP3426.o
 .debug_ranges  0x00000070       0x18 Devices/PGA4311.o
 .debug_ranges  0x00000088       0x18 Events.o
 .debug_ranges  0x000000a0       0x28 IO/AnalogIndicator.o
 .debug_ranges  0x000000c8       0x20 IO/Debug.o
 .debug_ranges  0x000000e8       0x20 IO/Encoder.o
 .debug_ranges  0x00000108       0x30 IO/PowerControl.o
 .debug_ranges  0x00000138       0x18 IO/InputSelector.o
 .debug_ranges  0x00000150       0x48 LUFA/Drivers/Peripheral/XMEGA/TWI_XMEGA.o
 .debug_ranges  0x00000198       0x18 Monitor/PowerSupplyMonitor.o
 .debug_ranges  0x000001b0       0x98 MusicAmp.o
 .debug_ranges  0x00000248       0x20 Tools/Timer.o
 .debug_ranges  0x00000268       0x28 Tools/Switch.o

.debug_macro
 *(.debug_macro)
OUTPUT(MusicAmp.elf elf32-avr)
LOAD linker stubs
